
.Version 6.13.3 of ABINIT 
.(MPI version, prepared for a x86_64_linux_gnu4.4 computer) 

.Copyright (C) 1998-2024 ABINIT group . 
 ABINIT comes with ABSOLUTELY NO WARRANTY.
 It is free software, and you are welcome to redistribute it
 under certain conditions (GNU General Public License,
 see ~abinit/COPYING or http://www.gnu.org/copyleft/gpl.txt).

 ABINIT is a project of the Universite Catholique de Louvain,
 Corning Inc. and other collaborators, see ~abinit/doc/developers/contributors.txt .
 Please read https://docs.abinit.org/theory/acknowledgments for suggested
 acknowledgments of the ABINIT effort.
 For more information, see https://www.abinit.org .

.Starting date : Tue 24 Apr 2012.
- ( at 18h11 )
  
- input  file    -> /home/gonze/ABINIT/ABINITv6.13.3/trunk/6.13.3-private/tests/v1/Input/t98.in
- output file    -> t98.out
- root for input  files -> t98i
- root for output files -> t98o


 Symmetries : space group P1 (#  1); Bravais aP (primitive triclinic)
================================================================================
 Values of the parameters that define the memory need of the present run
   intxc =         1  ionmov =         0    iscf =         5 xclevel =         1
  lmnmax =         2   lnmax =         2   mband =        16  mffmem =         1
P  mgfft =        20   mkmem =         4 mpssoang=         3     mpw =       416
  mqgrid =      3001   natom =         8    nfft =      8000    nkpt =         4
  nloalg =         4  nspden =         1 nspinor =         1  nsppol =         1
    nsym =         1  n1xccc =      2501  ntypat =         1  occopt =         0
================================================================================
P This job should need less than                       2.841 Mbytes of memory.
  Rough estimation (10% accuracy) of disk space for files :
  WF disk file :      0.408 Mbytes ; DEN or POT disk file :      0.063 Mbytes.
================================================================================

--------------------------------------------------------------------------------
------------- Echo of variables that govern the present computation ------------
--------------------------------------------------------------------------------
-
- outvars: echo of selected default values                                      
-   accesswff0 =  0 , fftalg0 =112 , wfoptalg0 =  0
-
- outvars: echo of global parameters not present in the input file              
-  max_nthreads =    0
-
 -outvars: echo values of preprocessed input variables --------
            acell      1.0263110000E+01  1.0263110000E+01  1.0263110000E+01 Bohr
              amu      2.80855000E+01
             cpus       (seconds)
             cpum      0(minutes)
             cpuh      2(hours)
           diemac      1.00000000E+00
           diemix      3.33333333E-01
             ecut      3.99000000E+00 Hartree
           enunit           2
            intxc           1
             iscf           5
           isecur          -4
              kpt      1.00000000E+00  1.00000000E+00  1.00000000E+00
                      -1.00000000E+00  1.00000000E+00  1.00000000E+00
                       1.00000000E+00 -1.00000000E+00  1.00000000E+00
                       1.00000000E+00  1.00000000E+00 -1.00000000E+00
           kptnrm      4.00000000E+00
           kptopt           0
P           mkmem           4
            natom           8
            nband          16
            ngfft          20      20      20
             nkpt           4
            nstep          40
             nsym           1
           ntypat           1
              occ      2.000000  2.000000  2.000000  2.000000  2.000000  2.000000
                       2.000000  2.000000  2.000000  2.000000  2.000000  2.000000
                       2.000000  2.000000  2.000000  2.000000
           occopt           0
          spgroup           1
           tolwfr      1.00000000E-24
            typat      1  1  1  1  1  1  1  1
              wtk        0.25000    0.25000    0.25000    0.25000
           xangst      0.0000000000E+00  0.0000000000E+00  0.0000000000E+00
                       1.3577509753E+00  1.3577509753E+00  1.3577509753E+00
                       0.0000000000E+00  2.7155019506E+00  2.7155019506E+00
                       1.3577509753E+00  4.0732529259E+00  4.0732529259E+00
                       2.7155019506E+00  0.0000000000E+00  2.7155019506E+00
                       4.0732529259E+00  1.3577509753E+00  4.0732529259E+00
                       2.7155019506E+00  2.7155019506E+00  0.0000000000E+00
                       4.0732529259E+00  4.0732529259E+00  1.3577509753E+00
            xcart      0.0000000000E+00  0.0000000000E+00  0.0000000000E+00
                       2.5657775000E+00  2.5657775000E+00  2.5657775000E+00
                       0.0000000000E+00  5.1315550000E+00  5.1315550000E+00
                       2.5657775000E+00  7.6973325000E+00  7.6973325000E+00
                       5.1315550000E+00  0.0000000000E+00  5.1315550000E+00
                       7.6973325000E+00  2.5657775000E+00  7.6973325000E+00
                       5.1315550000E+00  5.1315550000E+00  0.0000000000E+00
                       7.6973325000E+00  7.6973325000E+00  2.5657775000E+00
             xred      0.0000000000E+00  0.0000000000E+00  0.0000000000E+00
                       2.5000000000E-01  2.5000000000E-01  2.5000000000E-01
                       0.0000000000E+00  5.0000000000E-01  5.0000000000E-01
                       2.5000000000E-01  7.5000000000E-01  7.5000000000E-01
                       5.0000000000E-01  0.0000000000E+00  5.0000000000E-01
                       7.5000000000E-01  2.5000000000E-01  7.5000000000E-01
                       5.0000000000E-01  5.0000000000E-01  0.0000000000E+00
                       7.5000000000E-01  7.5000000000E-01  2.5000000000E-01
            znucl       14.00000

================================================================================

 chkinp: Checking input parameters for consistency.

================================================================================
== DATASET  1 ==================================================================
-   nproc =    1

 Exchange-correlation functional for the present dataset will be:
  LDA: new Teter (4/93) with spin-polarized option - ixc=1
 Citation for XC functional:
  S. Goedecker, M. Teter, J. Huetter, PRB 54, 1703 (1996)

 Real(R)+Recip(G) space primitive vectors, cartesian coordinates (Bohr,Bohr^-1):
 R(1)= 10.2631100  0.0000000  0.0000000  G(1)=  0.0974364  0.0000000  0.0000000
 R(2)=  0.0000000 10.2631100  0.0000000  G(2)=  0.0000000  0.0974364  0.0000000
 R(3)=  0.0000000  0.0000000 10.2631100  G(3)=  0.0000000  0.0000000  0.0974364
 Unit cell volume ucvol=  1.0810280E+03 bohr^3
 Angles (23,13,12)=  9.00000000E+01  9.00000000E+01  9.00000000E+01 degrees

 getcut: wavevector=  0.0000  0.0000  0.0000  ngfft=  20  20  20
         ecut(hartree)=      3.990   => boxcut(ratio)=   2.16720

--- Pseudopotential description ------------------------------------------------
- pspini: atom type   1  psp file is /home/gonze/ABINIT/ABINITv6.13.3/trunk/6.13.3-private/tests/Psps_for_tests/PseudosTM_pwteter/14si.pspnc
- pspatm: opening atomic psp file    /home/gonze/ABINIT/ABINITv6.13.3/trunk/6.13.3-private/tests/Psps_for_tests/PseudosTM_pwteter/14si.pspnc
-  Troullier-Martins psp for element  Si        Thu Oct 27 17:31:21 EDT 1994
- 14.00000   4.00000    940714                znucl, zion, pspdat
    1    1    2    2      2001   0.00000      pspcod,pspxc,lmax,lloc,mmax,r2well
    0   5.907  14.692    1   2.0872718        l,e99.0,e99.9,nproj,rcpsp
   0.00000000   0.00000000   0.00000000   0.00000000     rms, ekb1, ekb2, epsatm
    1   2.617   4.181    1   2.0872718        l,e99.0,e99.9,nproj,rcpsp
   0.00000000   0.00000000   0.00000000   0.00000000     rms, ekb1, ekb2, epsatm
    2   0.000   0.000    0   2.0872718        l,e99.0,e99.9,nproj,rcpsp
   0.00000000   0.00000000   0.00000000   0.00000000     rms, ekb1, ekb2, epsatm
    1.80626423934776    0.22824404341771    1.17378968127746   rchrg,fchrg,qchrg
 pspatm : epsatm=    1.43386982
         --- l  ekb(1:nproj) -->
             0    3.287949
             1    1.849886
 pspatm: atomic psp has been read  and splines computed

   3.67070674E+02                                ecore*ucvol(ha*bohr**3)
--------------------------------------------------------------------------------

P newkpt: treating     16 bands with npw=     416 for ikpt=   1 by node    0
P newkpt: treating     16 bands with npw=     416 for ikpt=   2 by node    0
P newkpt: treating     16 bands with npw=     416 for ikpt=   3 by node    0
P newkpt: treating     16 bands with npw=     416 for ikpt=   4 by node    0

 setup2: Arith. and geom. avg. npw (full set) are     416.000     416.000

================================================================================

     iter   Etot(hartree)      deltaE(h)  residm     vres2
 ETOT  1  -35.302090403588    -3.530E+01 4.806E-03 5.252E+00
 ETOT  2  -35.318983760177    -1.689E-02 8.568E-09 1.701E+00
 ETOT  3  -35.324034257396    -5.050E-03 4.588E-06 1.317E-01
 ETOT  4  -35.324248980324    -2.147E-04 7.878E-07 3.905E-02
 ETOT  5  -35.324290167238    -4.119E-05 2.628E-07 2.588E-02
 ETOT  6  -35.324332296070    -4.213E-05 3.457E-07 5.486E-03
 ETOT  7  -35.324344039882    -1.174E-05 2.398E-08 1.517E-04
 ETOT  8  -35.324344309999    -2.701E-07 7.251E-10 2.339E-05
 ETOT  9  -35.324344364285    -5.429E-08 1.740E-10 5.153E-06
 ETOT 10  -35.324344373910    -9.625E-09 3.062E-11 9.694E-07
 ETOT 11  -35.324344375133    -1.223E-09 4.287E-12 1.681E-07
 ETOT 12  -35.324344375291    -1.584E-10 2.982E-13 2.754E-08
 ETOT 13  -35.324344375334    -4.264E-11 1.069E-13 4.742E-09
 ETOT 14  -35.324344375340    -5.663E-12 2.532E-14 1.705E-10
 ETOT 15  -35.324344375340    -2.274E-13 2.301E-15 1.844E-11
 ETOT 16  -35.324344375340    -1.279E-13 1.603E-16 2.113E-12
 ETOT 17  -35.324344375340    -4.974E-14 6.093E-18 5.080E-13
 ETOT 18  -35.324344375340     1.492E-13 7.288E-18 9.749E-14
 ETOT 19  -35.324344375340    -1.279E-13 8.686E-19 9.672E-15
 ETOT 20  -35.324344375340     4.974E-14 1.503E-19 4.738E-16
 ETOT 21  -35.324344375340     5.684E-14 3.234E-21 4.034E-17
 ETOT 22  -35.324344375340    -1.137E-13 4.431E-22 5.951E-18
 ETOT 23  -35.324344375340     4.974E-14 2.100E-23 2.344E-18
 ETOT 24  -35.324344375340     8.527E-14 4.054E-23 4.182E-19
 ETOT 25  -35.324344375340    -9.237E-14 1.914E-24 1.371E-20
 ETOT 26  -35.324344375340     7.105E-15 7.123E-25 1.924E-21

 At SCF step   26   max residual=  7.12E-25 < tolwfr=  1.00E-24 =>converged.

 Cartesian components of stress tensor (hartree/bohr^3)
  sigma(1 1)=  2.34163423E-04  sigma(3 2)=  2.97675963E-15
  sigma(2 2)=  2.34163423E-04  sigma(3 1)=  0.00000000E+00
  sigma(3 3)=  2.34163423E-04  sigma(2 1)=  0.00000000E+00

================================================================================

 ----iterations are completed or convergence reached----

 Mean square residual over all n,k,spin=   5.0558E-25; max=  7.1226E-25
   0.2500  0.2500  0.2500    1  5.94773E-25 kpt; spin; max resid(k); each band:
  5.29E-25 4.56E-25 4.44E-25 5.13E-25 4.54E-25 5.07E-25 5.27E-25 4.65E-25
  5.00E-25 5.11E-25 5.95E-25 5.20E-25 4.29E-25 5.48E-25 4.96E-25 4.88E-25
  -0.2500  0.2500  0.2500    1  5.95431E-25 kpt; spin; max resid(k); each band:
  5.31E-25 4.26E-25 4.41E-25 5.42E-25 5.84E-25 3.56E-25 5.95E-25 4.42E-25
  4.73E-25 4.72E-25 5.52E-25 5.32E-25 5.76E-25 5.26E-25 5.64E-25 5.04E-25
   0.2500 -0.2500  0.2500    1  7.12255E-25 kpt; spin; max resid(k); each band:
  5.20E-25 4.26E-25 4.60E-25 6.00E-25 3.57E-25 4.39E-25 4.68E-25 5.72E-25
  5.40E-25 6.28E-25 7.12E-25 4.41E-25 4.38E-25 4.93E-25 4.30E-25 4.78E-25
   0.2500  0.2500 -0.2500    1  7.02361E-25 kpt; spin; max resid(k); each band:
  5.29E-25 3.98E-25 5.59E-25 4.64E-25 3.95E-25 4.97E-25 5.73E-25 4.83E-25
  4.67E-25 5.83E-25 7.02E-25 4.45E-25 6.09E-25 5.46E-25 4.44E-25 5.62E-25
 reduced coordinates (array xred) for    8 atoms
       0.000000000000      0.000000000000      0.000000000000
       0.250000000000      0.250000000000      0.250000000000
       0.000000000000      0.500000000000      0.500000000000
       0.250000000000      0.750000000000      0.750000000000
       0.500000000000      0.000000000000      0.500000000000
       0.750000000000      0.250000000000      0.750000000000
       0.500000000000      0.500000000000      0.000000000000
       0.750000000000      0.750000000000      0.250000000000
 rms dE/dt=  3.1638E-12; max dE/dt=  8.4866E-12; dE/dt below (all hartree)
    1      -0.000000000002      0.000000000005     -0.000000000000
    2      -0.000000000004     -0.000000000004     -0.000000000002
    3      -0.000000000003     -0.000000000003      0.000000000002
    4      -0.000000000003      0.000000000002     -0.000000000000
    5       0.000000000001      0.000000000002      0.000000000001
    6       0.000000000008     -0.000000000002      0.000000000001
    7       0.000000000002     -0.000000000004     -0.000000000001
    8       0.000000000007      0.000000000003      0.000000000000

 cartesian coordinates (angstrom) at end:
    1      0.00000000000000     0.00000000000000     0.00000000000000
    2      1.35775097531303     1.35775097531303     1.35775097531303
    3      0.00000000000000     2.71550195062606     2.71550195062606
    4      1.35775097531303     4.07325292593909     4.07325292593909
    5      2.71550195062606     0.00000000000000     2.71550195062606
    6      4.07325292593909     1.35775097531303     4.07325292593909
    7      2.71550195062606     2.71550195062606     0.00000000000000
    8      4.07325292593909     4.07325292593909     1.35775097531303

 cartesian forces (hartree/bohr) at end:
    1      0.00000000000026    -0.00000000000046     0.00000000000003
    2      0.00000000000046     0.00000000000035     0.00000000000022
    3      0.00000000000036     0.00000000000026    -0.00000000000017
    4      0.00000000000034    -0.00000000000021     0.00000000000003
    5     -0.00000000000002    -0.00000000000020    -0.00000000000007
    6     -0.00000000000075     0.00000000000015    -0.00000000000011
    7     -0.00000000000007     0.00000000000038     0.00000000000009
    8     -0.00000000000057    -0.00000000000026    -0.00000000000003
 frms,max,avg= 3.0478162E-13 7.4811721E-13  -7.879E-14  1.409E-14  0.000E+00 h/b

 cartesian forces (eV/Angstrom) at end:
    1      0.00000000001317    -0.00000000002370     0.00000000000135
    2      0.00000000002369     0.00000000001790     0.00000000001150
    3      0.00000000001829     0.00000000001323    -0.00000000000866
    4      0.00000000001738    -0.00000000001059     0.00000000000168
    5     -0.00000000000111    -0.00000000001043    -0.00000000000362
    6     -0.00000000003847     0.00000000000747    -0.00000000000569
    7     -0.00000000000379     0.00000000001954     0.00000000000474
    8     -0.00000000002917    -0.00000000001343    -0.00000000000130
 frms,max,avg= 1.5672499E-11 3.8469730E-11  -4.051E-12  7.244E-13  0.000E+00 e/A
 length scales= 10.263110000000 10.263110000000 10.263110000000 bohr
              =  5.431003901252  5.431003901252  5.431003901252 angstroms
 prteigrs : about to open file t98o_EIG
 Fermi (or HOMO) energy (hartree) =   0.18648   Average Vxc (hartree)=  -0.35250
 Eigenvalues (hartree) for nkpt=   4  k points:
 kpt#   1, nband= 16, wtk=  0.25000, kpt=  0.2500  0.2500  0.2500 (reduced coord)
  -0.19034  -0.12056  -0.12056  -0.12056  -0.01706  -0.01706  -0.01706   0.07092
   0.08290   0.08290   0.08290   0.13161   0.13161   0.13161   0.18648   0.18648
 kpt#   2, nband= 16, wtk=  0.25000, kpt= -0.2500  0.2500  0.2500 (reduced coord)
  -0.19034  -0.12056  -0.12056  -0.12056  -0.01706  -0.01706  -0.01706   0.07092
   0.08290   0.08290   0.08290   0.13161   0.13161   0.13161   0.18648   0.18648
 kpt#   3, nband= 16, wtk=  0.25000, kpt=  0.2500 -0.2500  0.2500 (reduced coord)
  -0.19034  -0.12056  -0.12056  -0.12056  -0.01706  -0.01706  -0.01706   0.07092
   0.08290   0.08290   0.08290   0.13161   0.13161   0.13161   0.18648   0.18648
 kpt#   4, nband= 16, wtk=  0.25000, kpt=  0.2500  0.2500 -0.2500 (reduced coord)
  -0.19034  -0.12056  -0.12056  -0.12056  -0.01706  -0.01706  -0.01706   0.07092
   0.08290   0.08290   0.08290   0.13161   0.13161   0.13161   0.18648   0.18648
 Fermi (or HOMO) energy (eV) =   5.07446   Average Vxc (eV)=  -9.59197
 Eigenvalues (   eV  ) for nkpt=   4  k points:
 kpt#   1, nband= 16, wtk=  0.25000, kpt=  0.2500  0.2500  0.2500 (reduced coord)
  -5.17931  -3.28069  -3.28069  -3.28069  -0.46422  -0.46422  -0.46422   1.92978
   2.25582   2.25582   2.25582   3.58131   3.58131   3.58131   5.07446   5.07446
 kpt#   2, nband= 16, wtk=  0.25000, kpt= -0.2500  0.2500  0.2500 (reduced coord)
  -5.17931  -3.28069  -3.28069  -3.28069  -0.46422  -0.46422  -0.46422   1.92978
   2.25582   2.25582   2.25582   3.58131   3.58131   3.58131   5.07446   5.07446
 kpt#   3, nband= 16, wtk=  0.25000, kpt=  0.2500 -0.2500  0.2500 (reduced coord)
  -5.17931  -3.28069  -3.28069  -3.28069  -0.46422  -0.46422  -0.46422   1.92978
   2.25582   2.25582   2.25582   3.58131   3.58131   3.58131   5.07446   5.07446
 kpt#   4, nband= 16, wtk=  0.25000, kpt=  0.2500  0.2500 -0.2500 (reduced coord)
  -5.17931  -3.28069  -3.28069  -3.28069  -0.46422  -0.46422  -0.46422   1.92978
   2.25582   2.25582   2.25582   3.58131   3.58131   3.58131   5.07446   5.07446
 Total charge density [el/Bohr^3]
,     Maximum=    8.3897E-02  at reduced coord.    0.1000    0.9000    0.9000
,Next maximum=    8.3897E-02  at reduced coord.    0.4000    0.6000    0.9000
,     Minimum=    3.2117E-03  at reduced coord.    0.5000    0.0000    0.0000
,Next minimum=    3.2117E-03  at reduced coord.    0.0000    0.5000    0.0000
,  Integrated=    3.2000E+01

--------------------------------------------------------------------------------
 Components of total free energy (in Hartree) :

    Kinetic energy  =  1.18447885057540E+01
    Hartree energy  =  2.16588554348613E+00
    XC energy       = -1.41268203450151E+01
    Ewald energy    = -3.35916768723201E+01
    PspCore energy  =  3.39557039532177E-01
    Loc. psp. energy= -1.00254196968984E+01
    NL   psp  energy=  8.06934145012123E+00
    >>>>>>>>> Etotal= -3.53243443753401E+01

 Other information on the energy :
    Total energy(eV)= -9.61224294400210E+02 ; Band energy (Ha)=   9.6842321551E-01
--------------------------------------------------------------------------------

 Cartesian components of stress tensor (hartree/bohr^3)
  sigma(1 1)=  2.34163423E-04  sigma(3 2)=  2.97675963E-15
  sigma(2 2)=  2.34163423E-04  sigma(3 1)=  0.00000000E+00
  sigma(3 3)=  2.34163423E-04  sigma(2 1)=  0.00000000E+00

-Cartesian components of stress tensor (GPa)         [Pressure= -6.8893E+00 GPa]
- sigma(1 1)=  6.88932461E+00  sigma(3 2)=  8.75792772E-11
- sigma(2 2)=  6.88932460E+00  sigma(3 1)=  0.00000000E+00
- sigma(3 3)=  6.88932460E+00  sigma(2 1)=  0.00000000E+00

== END DATASET(S) ==============================================================
================================================================================
  
 -outvars: echo values of variables after computation  --------
            acell      1.0263110000E+01  1.0263110000E+01  1.0263110000E+01 Bohr
              amu      2.80855000E+01
             cpus       (seconds)
             cpum      0(minutes)
             cpuh      2(hours)
           diemac      1.00000000E+00
           diemix      3.33333333E-01
             ecut      3.99000000E+00 Hartree
           enunit           2
           etotal     -3.5324344375E+01
            fcart      2.5612797692E-13 -4.6084005508E-13  2.6208608859E-14
                       4.6074591556E-13  3.4805841436E-13  2.2360397350E-13
                       3.5573418415E-13  2.5737049851E-13 -1.6847007595E-13
                       3.3797191989E-13 -2.0590163602E-13  3.2643652784E-14
                      -2.1510760531E-14 -2.0278906784E-13 -7.0346105593E-14
                      -7.4811721040E-13  1.4521731017E-13 -1.1056213364E-13
                      -7.3736170484E-14  3.8003535602E-13  9.2173416565E-14
                      -5.6721585510E-13 -2.6115082011E-13 -2.5251336520E-14
            intxc           1
             iscf           5
           isecur          -4
              kpt      1.00000000E+00  1.00000000E+00  1.00000000E+00
                      -1.00000000E+00  1.00000000E+00  1.00000000E+00
                       1.00000000E+00 -1.00000000E+00  1.00000000E+00
                       1.00000000E+00  1.00000000E+00 -1.00000000E+00
           kptnrm      4.00000000E+00
           kptopt           0
P           mkmem           4
            natom           8
            nband          16
            ngfft          20      20      20
             nkpt           4
            nstep          40
             nsym           1
           ntypat           1
              occ      2.000000  2.000000  2.000000  2.000000  2.000000  2.000000
                       2.000000  2.000000  2.000000  2.000000  2.000000  2.000000
                       2.000000  2.000000  2.000000  2.000000
           occopt           0
          spgroup           1
           strten      2.3416342328E-04  2.3416342324E-04  2.3416342319E-04
                       2.9767596302E-15  0.0000000000E+00  0.0000000000E+00
           tolwfr      1.00000000E-24
            typat      1  1  1  1  1  1  1  1
              wtk        0.25000    0.25000    0.25000    0.25000
           xangst      0.0000000000E+00  0.0000000000E+00  0.0000000000E+00
                       1.3577509753E+00  1.3577509753E+00  1.3577509753E+00
                       0.0000000000E+00  2.7155019506E+00  2.7155019506E+00
                       1.3577509753E+00  4.0732529259E+00  4.0732529259E+00
                       2.7155019506E+00  0.0000000000E+00  2.7155019506E+00
                       4.0732529259E+00  1.3577509753E+00  4.0732529259E+00
                       2.7155019506E+00  2.7155019506E+00  0.0000000000E+00
                       4.0732529259E+00  4.0732529259E+00  1.3577509753E+00
            xcart      0.0000000000E+00  0.0000000000E+00  0.0000000000E+00
                       2.5657775000E+00  2.5657775000E+00  2.5657775000E+00
                       0.0000000000E+00  5.1315550000E+00  5.1315550000E+00
                       2.5657775000E+00  7.6973325000E+00  7.6973325000E+00
                       5.1315550000E+00  0.0000000000E+00  5.1315550000E+00
                       7.6973325000E+00  2.5657775000E+00  7.6973325000E+00
                       5.1315550000E+00  5.1315550000E+00  0.0000000000E+00
                       7.6973325000E+00  7.6973325000E+00  2.5657775000E+00
             xred      0.0000000000E+00  0.0000000000E+00  0.0000000000E+00
                       2.5000000000E-01  2.5000000000E-01  2.5000000000E-01
                       0.0000000000E+00  5.0000000000E-01  5.0000000000E-01
                       2.5000000000E-01  7.5000000000E-01  7.5000000000E-01
                       5.0000000000E-01  0.0000000000E+00  5.0000000000E-01
                       7.5000000000E-01  2.5000000000E-01  7.5000000000E-01
                       5.0000000000E-01  5.0000000000E-01  0.0000000000E+00
                       7.5000000000E-01  7.5000000000E-01  2.5000000000E-01
            znucl       14.00000

================================================================================


- Timing analysis has been suppressed with timopt=0



================================================================================

 Suggested references for the acknowledgment of ABINIT usage.

 The users of ABINIT have little formal obligations with respect to the ABINIT group
 (those specified in the GNU General Public License, http://www.gnu.org/copyleft/gpl.txt).
 However, it is common practice in the scientific literature,
 to acknowledge the efforts of people that have made the research possible.
 In this spirit, please find below suggested citations of work written by ABINIT developers,
 corresponding to implementations inside of ABINIT that you have used in the present run.
 Note also that it will be of great value to readers of publications presenting these results,
 to read papers enabling them to understand the theoretical formalism and details
 of the ABINIT implementation.
 For information on why they are suggested, see also https://docs.abinit.org/theory/acknowledgments.

 [1] ABINIT : First-principles approach of materials and nanosystem properties.
 X. Gonze, B. Amadon, P.-M. Anglade, J.-M. Beuken, F. Bottin, P. Boulanger, F. Bruneval,
 D. Caliste, R. Caracas, M. Cote, T. Deutsch, L. Genovese, Ph. Ghosez, M. Giantomassi
 S. Goedecker, D.R. Hamann, P. Hermet, F. Jollet, G. Jomard, S. Leroux, M. Mancini, S. Mazevet,
 M.J.T. Oliveira, G. Onida, Y. Pouillon, T. Rangel, G.-M. Rignanese, D. Sangalli, R. Shaltaf,
 M. Torrent, M.J. Verstraete, G. Zerah, J.W. Zwanziger
 Computer Phys. Comm. 180, 2582-2615 (2009).
 Comment : the third generic paper describing the ABINIT project.
 Note that a version of this paper, that is not formatted for Computer Phys. Comm. 
 is available at https://www.abinit.org/about/ABINIT_CPC_v10.pdf .
 The licence allows the authors to put it on the Web.

 [2] A brief introduction to the ABINIT software package.
 X. Gonze, G.-M. Rignanese, M. Verstraete, J.-M. Beuken, Y. Pouillon, R. Caracas, F. Jollet,
 M. Torrent, G. Zerah, M. Mikami, Ph. Ghosez, M. Veithen, J.-Y. Raty, V. Olevano, F. Bruneval,
 L. Reining, R. Godby, G. Onida, D.R. Hamann, and D.C. Allan.
 Z. Kristallogr. 220, 558-562 (2005).
 Comment : the second generic paper describing the ABINIT project. Note that this paper
 should be cited especially if you are using the GW part of ABINIT, as several authors
 of this part are not in the list of authors of the first or third paper.
 The .pdf of the latter paper is available at https://www.abinit.org/about/zfk_0505-06_558-562.pdf.
 Note that it should not redistributed (Copyright by Oldenburg Wissenshaftverlag,
 the licence allows the authors to put it on the Web).


 And optionally :

 [3] First-principles computation of material properties : the ABINIT software project. 
 X. Gonze, J.-M. Beuken, R. Caracas, F. Detraux, M. Fuchs, G.-M. Rignanese, L. Sindic,
 M. Verstraete, G. Zerah, F. Jollet, M. Torrent, A. Roy, M. Mikami, Ph. Ghosez, J.-Y. Raty, D.C. Allan.
 Computational Materials Science 25, 478-492 (2002). http://dx.doi.org/10.1016/S0927-0256(02)00325-7
 Comment : the original paper describing the ABINIT project.

 [4] Fast radix 2, 3, 4 and 5 kernels for Fast Fourier Transformations
 on computers with overlapping multiply-add instructions.
 S. Goedecker, SIAM J. on Scientific Computing 18, 1605 (1997).

 [5] Towards a potential-based conjugate gradient algorithm for order-N self-consistent
 total energy calculations.
 X. Gonze, Phys. Rev. B 54, 4383 (1996).
 Comment : The potential-based conjugate-gradient algorithm, used when iscf=5, is not published.
 However, many elements of this algorithm have been explained in the paper above.
-
- Proc.   0 individual time (sec): cpu=          3.7  wall=          3.7

================================================================================

 Calculation completed.
.Delivered    7 WARNINGs and   5 COMMENTs to log file.
+Overall time at end (sec) : cpu=          3.7  wall=          3.7
