
.Version 8.1.5 of ABINIT 
.(MPI version, prepared for a x86_64_linux_gnu4.8 computer) 

.Copyright (C) 1998-2024 ABINIT group . 
 ABINIT comes with ABSOLUTELY NO WARRANTY.
 It is free software, and you are welcome to redistribute it
 under certain conditions (GNU General Public License,
 see ~abinit/COPYING or http://www.gnu.org/copyleft/gpl.txt).

 ABINIT is a project of the Universite Catholique de Louvain,
 Corning Inc. and other collaborators, see ~abinit/doc/developers/contributors.txt .
 Please read https://docs.abinit.org/theory/acknowledgments for suggested
 acknowledgments of the ABINIT effort.
 For more information, see https://www.abinit.org .

.Starting date : Thu 22 Sep 2016.
- ( at 18h31 )
  
- input  file    -> t33.in
- output file    -> t33.out
- root for input  files -> t33i
- root for output files -> t33o


 DATASET    1 : space group P1 (#  1); Bravais aP (primitive triclinic)
================================================================================
 Values of the parameters that define the memory need for DATASET  1 (WVL).
  wvl_hgrid =  0.400   nwfshist =      2 wvl_crmult =  3.000 wvl_frmult =  1.000
  tl_radius =  0.000  tl_nprccg =     30
      natom =      2     ntypat =      1    nstates =      7     nsppol =      1
================================================================================
================================================================================


 DATASET    2 : space group P1 (#  1); Bravais aP (primitive triclinic)
================================================================================
 Values of the parameters that define the memory need for DATASET  2 (WVL).
  wvl_hgrid =  0.400   nwfshist =      2 wvl_crmult =  3.000 wvl_frmult =  1.000
  tl_radius =  0.000  tl_nprccg =     30
      natom =      2     ntypat =      1    nstates =      7     nsppol =      1
================================================================================
================================================================================

--------------------------------------------------------------------------------
------------- Echo of variables that govern the present computation ------------
--------------------------------------------------------------------------------
-
- outvars: echo of selected default values                                      
-   iomode0 =  0 , fftalg0 =312 , wfoptalg0 =  0
-
- outvars: echo of global parameters not present in the input file              
-  max_nthreads =    1
-
 -outvars: echo values of preprocessed input variables --------
            acell      1.6800000000E+01  1.4400000000E+01  1.4400000000E+01 Bohr
              amu      1.00000000E+00
      chksymbreak           0
           diemix      4.00000000E-01
-          fftalg         312
         icoulomb           1
             iscf1         17
             iscf2          7
           istwfk        1
           jdtset        1    2
           kptopt           0
            natom           2
            nband           7
           ndtset           2
            ngfft           2       2       2
             nkpt           1
            nline           2
           nnsclo           4
        nscforder          14
            nstep          20
             nsym           1
           ntypat           1
         nwfshist           2
              occ      2.000000  2.000000  2.000000  2.000000  2.000000  1.000000
                       1.000000
           occopt           0
        optstress           0
           prtden           0
           prteig           0
            prtwf           0
          spgroup           1
           tolvrs      1.00000000E-08
            typat      1  1
           usewvl           1
  wvl_bigdft_comp           0
       wvl_crmult      3.00000000E+00
       wvl_frmult      1.00000000E+00
        wvl_hgrid      4.00000000E-01
       wvl_nprccg           5
           xangst      3.8400885522E+00  3.8100759018E+00  3.8100759018E+00
                       5.0500885522E+00  3.8100759018E+00  3.8100759018E+00
            xcart      7.2567156896E+00  7.2000000000E+00  7.2000000000E+00
                       9.5432843104E+00  7.2000000000E+00  7.2000000000E+00
             xred      4.3194736248E-01  5.0000000000E-01  5.0000000000E-01
                       5.6805263752E-01  5.0000000000E-01  5.0000000000E-01
            znucl        8.00000

================================================================================

 chkinp: Checking input parameters for consistency, jdtset=   1.

 chkinp: Checking input parameters for consistency, jdtset=   2.

================================================================================
== DATASET  1 ==================================================================
-   nproc =    1   -> not optimal: autoparal keyword recommended in input file

 Exchange-correlation functional for the present dataset will be:
  LDA: new Teter (4/93) with spin-polarized option - ixc=1
 Citation for XC functional:
  S. Goedecker, M. Teter, J. Huetter, PRB 54, 1703 (1996)

 Real(R)+Recip(G) space primitive vectors, cartesian coordinates (Bohr,Bohr^-1):
 R(1)= 16.8000000  0.0000000  0.0000000  G(1)=  0.0595238  0.0000000  0.0000000
 R(2)=  0.0000000 14.4000000  0.0000000  G(2)=  0.0000000  0.0694444  0.0000000
 R(3)=  0.0000000  0.0000000 14.4000000  G(3)=  0.0000000  0.0000000  0.0694444
 Unit cell volume ucvol=  3.4836480E+03 bohr^3
 Angles (23,13,12)=  9.00000000E+01  9.00000000E+01  9.00000000E+01 degrees

--- Pseudopotential description ------------------------------------------------
- pspini: atom type   1  psp file is /cea/dsku/u-basque/hal1/home/abinit/abinit/BZR/TORRENT/ABINIT-GIT/wvl-paw-forces/tests/Psps_for_tests/PseudosGTH_pwteter/08o.pspgth
- pspatm: opening atomic psp file    /cea/dsku/u-basque/hal1/home/abinit/abinit/BZR/TORRENT/ABINIT-GIT/wvl-paw-forces/tests/Psps_for_tests/PseudosGTH_pwteter/08o.pspgth
-   O SG LDA PSP
-  8.00000   6.00000    960531                znucl, zion, pspdat
    2    1    0    0      2001   0.00000      pspcod,pspxc,lmax,lloc,mmax,r2well
 rloc=   0.2477535
  cc1= -16.4822284; cc2=   2.3701353; cc3=   0.0000000; cc4=   0.0000000
  rrs=   0.2222028; h1s=  18.1996387; h2s=   0.0000000
  rrp=   0.0000000; h1p=   0.0000000
  radii_cf(1)=   1.1453720; radii_cf(2)=   0.2400000; rad_cov=   1.3800000
-  Local part computed in real space.
  | dr spline step is :    0.0088000
  | r >   26.4000000 is set to 0.
  | last non-nul potential value is :   -0.2272727

 pspatm : COMMENT -
  the projectors are not normalized,
  so that the KB energies are not consistent with 
  definition in PRB44, 8503 (1991). 
  However, this does not influence the results obtained hereafter.
 pspatm : epsatm=    0.06936534
         --- l  ekb(1:nproj) -->
             0    0.707809
 pspatm: atomic psp has been read  and splines computed

   1.66476825E+00                                ecore*ucvol(ha*bohr**3)
--------------------------------------------------------------------------------

 setup2: nwvl coarse and fine are    3928       0

================================================================================

     iter   Etot(hartree)      deltaE(h)  grdnorm    nres2
 ETOT  1  -31.318782597567    -3.132E+01 2.365E-02 8.846E+00
 ETOT  2  -31.269945616288     4.884E-02 2.737E-03 1.900E+00
 ETOT  3  -31.262573351317     7.372E-03 5.391E-03 2.261E-01
 ETOT  4  -31.262130610164     4.427E-04 1.672E-03 6.019E-02
 ETOT  5  -31.261992494077     1.381E-04 3.776E-04 4.050E-03
 ETOT  6  -31.261990141630     2.352E-06 9.272E-05 1.283E-04
 ETOT  7  -31.261989939752     2.019E-07 2.590E-05 5.255E-06
 ETOT  8  -31.261990003838    -6.409E-08 9.934E-06 8.509E-07
 ETOT  9  -31.261990000419     3.419E-09 3.008E-06 1.318E-08
 ETOT 10  -31.261990000451    -3.195E-11 8.195E-07 4.766E-09

 At SCF step   10       nres2   =  4.77E-09 < tolvrs=  1.00E-08 =>converged.
================================================================================

 ----iterations are completed or convergence reached----

 Mean square residual over all n,k,spin=   0.0000E+00; max=  0.0000E+00
 reduced coordinates (array xred) for    2 atoms
       0.370081328364      0.500000000000      0.500000000000
       0.629918671636      0.500000000000      0.500000000000
 rms dE/dt=  3.5834E-01; max dE/dt=  3.2871E-01; dE/dt below (all hartree)
    1       0.174592891110      0.307045686785      0.307045687730
    2      -0.579039045956      0.328712770440      0.328712772026

 cartesian coordinates (angstrom) at end:
    1      1.72337971779379     1.79920250920600     1.79920250920600
    2      2.93337971779822     1.79920250920600     1.79920250920600

 cartesian forces (hartree/bohr) at end:
    1     -0.04281999642420     0.00159316791582     0.00159316796300
    2      0.04281999642420    -0.00159316791582    -0.00159316796300
 frms,max,avg= 2.4756336E-02 4.2819996E-02   2.298E-02 -4.675E-02 -4.675E-02 h/b

 cartesian forces (eV/Angstrom) at end:
    1     -2.20189256201611     0.08192398124301     0.08192398366908
    2      2.20189256201611    -0.08192398124301    -0.08192398366908
 frms,max,avg= 1.2730219E+00 2.2018926E+00   1.182E+00 -2.404E+00 -2.404E+00 e/A
 length scales=  8.800000000000  6.800000000000  6.800000000000 bohr
              =  4.656759435592  3.598405018412  3.598405018412 angstroms
 Fermi (or HOMO) energy (hartree) =   0.00000   Average Vxc (hartree)=  -0.02638
 Eigenvalues (hartree) for nkpt=   1  k points:
 kpt#   1, nband=  7, wtk=  1.00000, kpt=  0.0000  0.0000  0.0000 (reduced coord)
  -1.10797   -0.62651   -0.40309   -0.40307   -0.36404   -0.14443   -0.14436

--------------------------------------------------------------------------------
 Components of total free energy (in Hartree) :

    Kinetic energy  =  2.37092624579667E+01
    Hartree energy  =  4.29975093429274E+01
    XC energy       = -6.70851043467628E+00
    Ion-ion energy  =  1.57441152968349E+01
    PspCore energy  =  0.00000000000000E+00
    Loc. psp. energy= -1.09824379796716E+02
    NL   psp  energy=  2.82002520102030E+00
    >>>>>>>>> Etotal= -3.12619779326431E+01

 "Double-counting" decomposition of free energy:
    Band energy     = -6.09815173180241E+00
    Ion-ion energy  =  1.57441152968349E+01
    PspCore energy  =  0.00000000000000E+00
    Dble-C XC-energy= -4.09079535654837E+01
    >>>> Etotal (DC)= -3.12619900004512E+01
--------------------------------------------------------------------------------

================================================================================
== DATASET  2 ==================================================================
-   nproc =    1   -> not optimal: autoparal keyword recommended in input file

 Exchange-correlation functional for the present dataset will be:
  LDA: new Teter (4/93) with spin-polarized option - ixc=1
 Citation for XC functional:
  S. Goedecker, M. Teter, J. Huetter, PRB 54, 1703 (1996)

 Real(R)+Recip(G) space primitive vectors, cartesian coordinates (Bohr,Bohr^-1):
 R(1)= 16.8000000  0.0000000  0.0000000  G(1)=  0.0595238  0.0000000  0.0000000
 R(2)=  0.0000000 14.4000000  0.0000000  G(2)=  0.0000000  0.0694444  0.0000000
 R(3)=  0.0000000  0.0000000 14.4000000  G(3)=  0.0000000  0.0000000  0.0694444
 Unit cell volume ucvol=  3.4836480E+03 bohr^3
 Angles (23,13,12)=  9.00000000E+01  9.00000000E+01  9.00000000E+01 degrees
--------------------------------------------------------------------------------

 setup2: nwvl coarse and fine are    3928       0

================================================================================

     iter   Etot(hartree)      deltaE(h)  grdnorm    vres2
 ETOT  1  -31.189302896327    -3.119E+01 2.365E-02 1.973E+02
 ETOT  2  -31.252153924524    -6.285E-02 2.750E-03 3.336E+01
 ETOT  3  -31.259905803135    -7.752E-03 5.015E-03 7.281E+00
 ETOT  4  -31.262298568507    -2.393E-03 1.367E-03 8.379E-01
 ETOT  5  -31.262720821855    -4.223E-04 2.527E-04 5.894E-02
 ETOT  6  -31.261637278206     1.084E-03 1.150E-04 2.809E-03
 ETOT  7  -31.261913698215    -2.764E-04 5.996E-05 3.476E-04
 ETOT  8  -31.261995729267    -8.203E-05 7.276E-06 1.423E-05
 ETOT  9  -31.261993057899     2.671E-06 4.980E-06 1.602E-07
 ETOT 10  -31.261989500721     3.557E-06 1.167E-06 1.929E-08
 ETOT 11  -31.261989913143    -4.124E-07 2.190E-07 1.539E-09

 At SCF step   11       vres2   =  1.54E-09 < tolvrs=  1.00E-08 =>converged.
================================================================================

 ----iterations are completed or convergence reached----

 Mean square residual over all n,k,spin=   0.0000E+00; max=  0.0000E+00
 reduced coordinates (array xred) for    2 atoms
       0.370081328364      0.500000000000      0.500000000000
       0.629918671636      0.500000000000      0.500000000000
 rms dE/dt=  3.5830E-01; max dE/dt=  3.2872E-01; dE/dt below (all hartree)
    1       0.174501695392      0.307054510083      0.307054509866
    2      -0.578915687165      0.328721129918      0.328721130156

 cartesian coordinates (angstrom) at end:
    1      1.72337971779379     1.79920250920600     1.79920250920600
    2      2.93337971779822     1.79920250920600     1.79920250920600

 cartesian forces (hartree/bohr) at end:
    1     -0.04280780582709     0.00159313381141     0.00159313384484
    2      0.04280780582709    -0.00159313381141    -0.00159313384484
 frms,max,avg= 2.4749306E-02 4.2807806E-02   2.298E-02 -4.675E-02 -4.675E-02 h/b

 cartesian forces (eV/Angstrom) at end:
    1     -2.20126569636110     0.08192222752408     0.08192222924321
    2      2.20126569636110    -0.08192222752408    -0.08192222924321
 frms,max,avg= 1.2726604E+00 2.2012657E+00   1.182E+00 -2.404E+00 -2.404E+00 e/A
 length scales=  8.800000000000  6.800000000000  6.800000000000 bohr
              =  4.656759435592  3.598405018412  3.598405018412 angstroms
 Fermi (or HOMO) energy (hartree) =   0.00000   Average Vxc (hartree)=  -0.02638
 Eigenvalues (hartree) for nkpt=   1  k points:
 kpt#   1, nband=  7, wtk=  1.00000, kpt=  0.0000  0.0000  0.0000 (reduced coord)
  -1.10797   -0.62651   -0.40309   -0.40307   -0.36404   -0.14443   -0.14436

--------------------------------------------------------------------------------
 Components of total free energy (in Hartree) :

    Kinetic energy  =  2.37092658623761E+01
    Hartree energy  =  4.29975049065271E+01
    XC energy       = -6.70851054596861E+00
    Ion-ion energy  =  1.57441152968349E+01
    PspCore energy  =  0.00000000000000E+00
    Loc. psp. energy= -1.09824390553804E+02
    NL   psp  energy=  2.82002512089173E+00
    >>>>>>>>> Etotal= -3.12619899131428E+01

 "Double-counting" decomposition of free energy:
    Band energy     = -6.09815838632590E+00
    Ion-ion energy  =  1.57441152968349E+01
    PspCore energy  =  0.00000000000000E+00
    Dble-C XC-energy= -4.09079490973683E+01
    >>>> Etotal (DC)= -3.12619921868593E+01
--------------------------------------------------------------------------------

== END DATASET(S) ==============================================================
================================================================================
  
 -outvars: echo values of variables after computation  --------
            acell      8.8000000000E+00  6.8000000000E+00  6.8000000000E+00 Bohr
              amu      1.00000000E+00
      chksymbreak           0
           diemix      4.00000000E-01
           etotal1    -3.1261990000E+01
           etotal2    -3.1261989913E+01
            fcart1    -4.2819996424E-02  1.5931679158E-03  1.5931679630E-03
                       4.2819996424E-02 -1.5931679158E-03 -1.5931679630E-03
            fcart2    -4.2807805827E-02  1.5931338114E-03  1.5931338448E-03
                       4.2807805827E-02 -1.5931338114E-03 -1.5931338448E-03
-          fftalg         312
         icoulomb           1
             iscf1         17
             iscf2          7
           istwfk        1
           jdtset        1    2
           kptopt           0
            natom           2
            nband           7
           ndtset           2
            ngfft           2       2       2
             nkpt           1
            nline           2
           nnsclo           4
        nscforder          14
            nstep          20
             nsym           1
           ntypat           1
         nwfshist           2
              occ      2.000000  2.000000  2.000000  2.000000  2.000000  1.000000
                       1.000000
           occopt           0
        optstress           0
           prtden           0
           prteig           0
            prtwf           0
          spgroup           1
           strten1     9.9999999999E+99  9.9999999999E+99  9.9999999999E+99
                       9.9999999999E+99  9.9999999999E+99  9.9999999999E+99
           strten2     9.9999999999E+99  9.9999999999E+99  9.9999999999E+99
                       9.9999999999E+99  9.9999999999E+99  9.9999999999E+99
           tolvrs      1.00000000E-08
            typat      1  1
           usewvl           1
  wvl_bigdft_comp           0
       wvl_crmult      3.00000000E+00
       wvl_frmult      1.00000000E+00
        wvl_hgrid      4.00000000E-01
       wvl_nprccg           5
           xangst      1.7233797178E+00  1.7992025092E+00  1.7992025092E+00
                       2.9333797178E+00  1.7992025092E+00  1.7992025092E+00
            xcart      3.2567156896E+00  3.4000000000E+00  3.4000000000E+00
                       5.5432843104E+00  3.4000000000E+00  3.4000000000E+00
             xred      3.7008132836E-01  5.0000000000E-01  5.0000000000E-01
                       6.2991867164E-01  5.0000000000E-01  5.0000000000E-01
            znucl        8.00000

================================================================================


- Timing analysis has been suppressed with timopt=0



================================================================================

 Suggested references for the acknowledgment of ABINIT usage.

 The users of ABINIT have little formal obligations with respect to the ABINIT group
 (those specified in the GNU General Public License, http://www.gnu.org/copyleft/gpl.txt).
 However, it is common practice in the scientific literature,
 to acknowledge the efforts of people that have made the research possible.
 In this spirit, please find below suggested citations of work written by ABINIT developers,
 corresponding to implementations inside of ABINIT that you have used in the present run.
 Note also that it will be of great value to readers of publications presenting these results,
 to read papers enabling them to understand the theoretical formalism and details
 of the ABINIT implementation.
 For information on why they are suggested, see also https://docs.abinit.org/theory/acknowledgments.
-
- [1] Daubechies wavelets as a basis set for density functional pseudopotential calculations.
- L. Genovese, A. Neelov, S. Goedecker, T. Deutsch, S.A. Ghasemi, A. Willand, D. Caliste, O. Zilberberg, M. Rayson, A. Bergman et R. Schneider,
- J. Chem. Phys. 129, 014109 (2008).
- Comment : to be cited in case BigDFT project is used, i.e. usewvl=1.
-
- [2] Recent developments in the ABINIT software package.
- Computer Phys. Comm. 205, 106 (2016).
- X.Gonze, F.Jollet, F.Abreu Araujo, D.Adams, B.Amadon, T.Applencourt,
- C.Audouze, J.-M.Beuken, J.Bieder, A.Bokhanchuk, E.Bousquet, F.Bruneval
- D.Caliste, M.Cote, F.Dahm, F.Da Pieve, M.Delaveau, M.Di Gennaro,
- B.Dorado, C.Espejo, G.Geneste, L.Genovese, A.Gerossier, M.Giantomassi,
- Y.Gillet, D.R.Hamann, L.He, G.Jomard, J.Laflamme Janssen, S.Le Roux,
- A.Levitt, A.Lherbier, F.Liu, I.Lukacevic, A.Martin, C.Martins,
- M.J.T.Oliveira, S.Ponce, Y.Pouillon, T.Rangel, G.-M.Rignanese,
- A.H.Romero, B.Rousseau, O.Rubel, A.A.Shukri, M.Stankovski, M.Torrent,
- M.J.Van Setten, B.Van Troeye, M.J.Verstraete, D.Waroquier, J.Wiktor,
- B.Xue, A.Zhou, J.W.Zwanziger.
- Comment : the fourth generic paper describing the ABINIT project.
- Note that a version of this paper, that is not formatted for Computer Phys. Comm. 
- is available at https://www.abinit.org/about/ABINIT16.pdf .
- The licence allows the authors to put it on the Web.
-
- [3] ABINIT : First-principles approach of materials and nanosystem properties.
- Computer Phys. Comm. 180, 2582-2615 (2009).
- X. Gonze, B. Amadon, P.-M. Anglade, J.-M. Beuken, F. Bottin, P. Boulanger, F. Bruneval,
- D. Caliste, R. Caracas, M. Cote, T. Deutsch, L. Genovese, Ph. Ghosez, M. Giantomassi
- S. Goedecker, D.R. Hamann, P. Hermet, F. Jollet, G. Jomard, S. Leroux, M. Mancini, S. Mazevet,
- M.J.T. Oliveira, G. Onida, Y. Pouillon, T. Rangel, G.-M. Rignanese, D. Sangalli, R. Shaltaf,
- M. Torrent, M.J. Verstraete, G. Zerah, J.W. Zwanziger
- Comment : the third generic paper describing the ABINIT project.
- Note that a version of this paper, that is not formatted for Computer Phys. Comm. 
- is available at https://www.abinit.org/about/ABINIT_CPC_v10.pdf .
- The licence allows the authors to put it on the Web.
-
- [4] A brief introduction to the ABINIT software package.
- Z. Kristallogr. 220, 558-562 (2005).
- X. Gonze, G.-M. Rignanese, M. Verstraete, J.-M. Beuken, Y. Pouillon, R. Caracas, F. Jollet,
- M. Torrent, G. Zerah, M. Mikami, Ph. Ghosez, M. Veithen, J.-Y. Raty, V. Olevano, F. Bruneval,
- L. Reining, R. Godby, G. Onida, D.R. Hamann, and D.C. Allan.
- Comment : the second generic paper describing the ABINIT project. Note that this paper
- should be cited especially if you are using the GW part of ABINIT, as several authors
- of this part are not in the list of authors of the first or third paper.
- The .pdf of the latter paper is available at https://www.abinit.org/about/zfk_0505-06_558-562.pdf.
- Note that it should not redistributed (Copyright by Oldenburg Wissenshaftverlag,
- the licence allows the authors to put it on the Web).
-
- And optionally:
-
- [5] First-principles computation of material properties : the ABINIT software project. 
- X. Gonze, J.-M. Beuken, R. Caracas, F. Detraux, M. Fuchs, G.-M. Rignanese, L. Sindic,
- M. Verstraete, G. Zerah, F. Jollet, M. Torrent, A. Roy, M. Mikami, Ph. Ghosez, J.-Y. Raty, D.C. Allan.
- Computational Materials Science 25, 478-492 (2002). http://dx.doi.org/10.1016/S0927-0256(02)00325-7
- Comment : the original paper describing the ABINIT project.
-
- Proc.   0 individual time (sec): cpu=          4.5  wall=          4.5

================================================================================

 Calculation completed.
.Delivered  10 WARNINGs and   6 COMMENTs to log file.
+Overall time at end (sec) : cpu=          8.6  wall=          9.8
