
.Version 8.1.5 of ABINIT 
.(MPI version, prepared for a x86_64_linux_gnu4.8 computer) 

.Copyright (C) 1998-2024 ABINIT group . 
 ABINIT comes with ABSOLUTELY NO WARRANTY.
 It is free software, and you are welcome to redistribute it
 under certain conditions (GNU General Public License,
 see ~abinit/COPYING or http://www.gnu.org/copyleft/gpl.txt).

 ABINIT is a project of the Universite Catholique de Louvain,
 Corning Inc. and other collaborators, see ~abinit/doc/developers/contributors.txt .
 Please read https://docs.abinit.org/theory/acknowledgments for suggested
 acknowledgments of the ABINIT effort.
 For more information, see https://www.abinit.org .

.Starting date : Thu 22 Sep 2016.
- ( at 18h40 )
  
- input  file    -> t34.in
- output file    -> t34.out
- root for input  files -> t34i
- root for output files -> t34o


 Symmetries : space group P1 (#  1); Bravais aP (primitive triclinic)
--------------------------------------------------------------------------------
------------- Echo of variables that govern the present computation ------------
--------------------------------------------------------------------------------
-
- outvars: echo of selected default values                                      
-   iomode0 =  0 , fftalg0 =312 , wfoptalg0 = 10
-
- outvars: echo of global parameters not present in the input file              
-  max_nthreads =    1
-
 -outvars: echo values of preprocessed input variables --------
            acell      1.6500000000E+01  1.5500000000E+01  1.5500000000E+01 Bohr
              amu      1.20110000E+01  1.59994000E+01
      chksymbreak           0
-          fftalg         312
         icoulomb           1
             iscf          12
           istwfk        1
           kptopt           0
P           mkmem           1
            natom           3
            nband           8
            ngfft           2       2       2
          ngfftdg           2       2       2
             nkpt           1
        nscforder          14
            nstep          20
             nsym           1
           ntypat           2
         nwfshist           4
              occ      2.000000  2.000000  2.000000  2.000000  2.000000  2.000000
                       2.000000  2.000000
        optstress           0
         pawmixdg           1
           prtden           0
           prteig           0
            prtwf           0
          spgroup           1
           tolvrs      1.00000000E-08
            typat      1  2  2
           usewvl           1
  wvl_bigdft_comp           0
       wvl_crmult      3.00000000E+00
       wvl_frmult      1.00000000E+00
        wvl_hgrid      4.00000000E-01
       wvl_nprccg           5
           xangst      4.3657119709E+00  4.1011233666E+00  4.1011233666E+00
                       3.2057119709E+00  4.1011233666E+00  4.1011233666E+00
                       5.5257119708E+00  4.1011233666E+00  4.1011233666E+00
            xcart      8.2500000000E+00  7.7500000000E+00  7.7500000000E+00
                       6.0579176859E+00  7.7500000000E+00  7.7500000000E+00
                       1.0442082314E+01  7.7500000000E+00  7.7500000000E+00
             xred      5.0000000000E-01  5.0000000000E-01  5.0000000000E-01
                       3.6714652642E-01  5.0000000000E-01  5.0000000000E-01
                       6.3285347358E-01  5.0000000000E-01  5.0000000000E-01
            znucl        6.00000    8.00000

================================================================================

 chkinp: Checking input parameters for consistency.

================================================================================
== DATASET  1 ==================================================================
-   nproc =    1

 Exchange-correlation functional for the present dataset will be:
  LDA: new Teter (4/93) with spin-polarized option - ixc=1
 Citation for XC functional:
  S. Goedecker, M. Teter, J. Huetter, PRB 54, 1703 (1996)

 Real(R)+Recip(G) space primitive vectors, cartesian coordinates (Bohr,Bohr^-1):
 R(1)= 16.5000000  0.0000000  0.0000000  G(1)=  0.0606061  0.0000000  0.0000000
 R(2)=  0.0000000 15.5000000  0.0000000  G(2)=  0.0000000  0.0645161  0.0000000
 R(3)=  0.0000000  0.0000000 15.5000000  G(3)=  0.0000000  0.0000000  0.0645161
 Unit cell volume ucvol=  3.9641250E+03 bohr^3
 Angles (23,13,12)=  9.00000000E+01  9.00000000E+01  9.00000000E+01 degrees

 Coarse grid specifications (used for wave-functions):

 Fine grid specifications (used for densities):

--- Pseudopotential description ------------------------------------------------
- pspini: atom type   1  psp file is /cea/dsku/u-basque/hal1/home/abinit/abinit/BZR/TORRENT/ABINIT-GIT/wvl-paw-forces/tests/Psps_for_tests/C.atompaw.wvl
- pspatm: opening atomic psp file    /cea/dsku/u-basque/hal1/home/abinit/abinit/BZR/TORRENT/ABINIT-GIT/wvl-paw-forces/tests/Psps_for_tests/C.atompaw.wvl
- Paw atomic data for element C - Generated by atompaw v3.0.1.5 & AtomPAW2Abinit v3.3.1
-  6.00000   4.00000  20121025                znucl, zion, pspdat
    7    7    1    0       406   0.00000      pspcod,pspxc,lmax,lloc,mmax,r2well
 Pseudopotential format is: paw5
 basis_size (lnmax)=  2 (lmn_size=  4), orbitals=   0   1
 Spheres core radius: rc_sph= 1.00000000
 5 radial meshes are used:
  - mesh 1: r(i)=step*(i-1), size= 406 , step= 0.25000E-02
  - mesh 2: r(i)=step*(i-1), size= 401 , step= 0.25000E-02
  - mesh 3: r(i)=step*(i-1), size= 888 , step= 0.25000E-02
  - mesh 4: r(i)=step*(i-1), size=4001 , step= 0.25000E-02
  - mesh 5: r(i)=step*(i-1), size=6007 , step= 0.25000E-02
 Shapefunction is SIN type: shapef(r)=[sin(pi*r/rshp)/(pi*r/rshp)]**2
 Radius for shape functions = sphere core radius
 Radial grid used for partial waves is grid 1
 Radial grid used for projectors is grid  2
 Radial grid used for (t)core density is grid 3
 Radial grid used for Vloc is grid 4
 Radial grid used for pseudo valence density is grid 5
 Compensation charge density is not taken into account in XC energy/potential
 pspatm: atomic psp has been read  and splines computed

  radii_cf(1)=   1.5843663; radii_cf(2)=   0.2326773; rad_cov=   0.2326773
- pspini: atom type   2  psp file is /cea/dsku/u-basque/hal1/home/abinit/abinit/BZR/TORRENT/ABINIT-GIT/wvl-paw-forces/tests/Psps_for_tests/O.atompaw.wvl
- pspatm: opening atomic psp file    /cea/dsku/u-basque/hal1/home/abinit/abinit/BZR/TORRENT/ABINIT-GIT/wvl-paw-forces/tests/Psps_for_tests/O.atompaw.wvl
- Paw atomic data for element O - Generated by atompaw v3.0.1.5 & AtomPAW2Abinit v3.3.1
-  8.00000   6.00000  20121011                znucl, zion, pspdat
    7    7    1    0      1910   0.00000      pspcod,pspxc,lmax,lloc,mmax,r2well
 Pseudopotential format is: paw5
 basis_size (lnmax)=  2 (lmn_size=  4), orbitals=   0   1
 Spheres core radius: rc_sph= 1.00329515
 5 radial meshes are used:
  - mesh 1: r(i)=AA*[exp(BB*(i-1))-1], size=1910 , AA= 0.49934E-03 BB= 0.39947E-02
  - mesh 2: r(i)=AA*[exp(BB*(i-1))-1], size=1905 , AA= 0.49934E-03 BB= 0.39947E-02
  - mesh 3: r(i)=AA*[exp(BB*(i-1))-1], size=2025 , AA= 0.49934E-03 BB= 0.39947E-02
  - mesh 4: r(i)=AA*[exp(BB*(i-1))-1], size=2480 , AA= 0.49934E-03 BB= 0.39947E-02
  - mesh 5: r(i)=AA*[exp(BB*(i-1))-1], size=2529 , AA= 0.49934E-03 BB= 0.39947E-02
 Shapefunction is SIN type: shapef(r)=[sin(pi*r/rshp)/(pi*r/rshp)]**2
 Radius for shape functions = sphere core radius
 Radial grid used for partial waves is grid 1
 Radial grid used for projectors is grid  2
 Radial grid used for (t)core density is grid 3
 Radial grid used for Vloc is grid 4
 Radial grid used for pseudo valence density is grid 5
 Compensation charge density is not taken into account in XC energy/potential
 pspatm: atomic psp has been read  and splines computed

  radii_cf(1)=   1.2155757; radii_cf(2)=   0.2217861; rad_cov=   0.2217861
   7.23115076E+01                                ecore*ucvol(ha*bohr**3)
--------------------------------------------------------------------------------

 setup2: nwvl coarse and fine are    7960       0

================================================================================

     iter   Etot(hartree)      deltaE(h)  grdnorm    nres2
 ETOT  1  -37.996231908065    -3.800E+01 1.188E-01 3.492E+01
 ETOT  2  -37.809037684629     1.872E-01 2.529E-02 5.748E+00
 ETOT  3  -37.792907792237     1.613E-02 2.905E-02 7.275E-01
 ETOT  4  -37.787797463866     5.110E-03 8.335E-03 5.837E-02
 ETOT  5  -37.787483838140     3.136E-04 4.698E-03 5.437E-04
 ETOT  6  -37.787501066763    -1.723E-05 1.840E-03 7.254E-04
 ETOT  7  -37.787495403560     5.663E-06 6.319E-04 7.671E-05
 ETOT  8  -37.787495700524    -2.970E-07 4.101E-04 7.677E-06
 ETOT  9  -37.787496078208    -3.777E-07 2.838E-04 4.199E-06
 ETOT 10  -37.787496289179    -2.110E-07 2.113E-04 1.850E-06
 ETOT 11  -37.787496420709    -1.315E-07 1.631E-04 1.070E-06
 ETOT 12  -37.787496499137    -7.843E-08 1.267E-04 6.254E-07
 ETOT 13  -37.787496546270    -4.713E-08 9.838E-05 3.647E-07
 ETOT 14  -37.787496574710    -2.844E-08 7.639E-05 2.154E-07
 ETOT 15  -37.787496591893    -1.718E-08 5.929E-05 1.285E-07
 ETOT 16  -37.787496602272    -1.038E-08 4.604E-05 7.696E-08
 ETOT 17  -37.787496608545    -6.274E-09 3.576E-05 4.620E-08
 ETOT 18  -37.787496612339    -3.793E-09 2.778E-05 2.774E-08
 ETOT 19  -37.787496614634    -2.295E-09 2.160E-05 1.670E-08
 ETOT 20  -37.787496616026    -1.391E-09 1.679E-05 1.005E-08

 scprqt:  WARNING -
  nstep=   20 was not enough SCF cycles to converge;
  density residual=  1.005E-08 exceeds tolvrs=  1.000E-08


 PAW TEST:
 ==== Compensation charge inside spheres ============
 The following values must be close to each other ...
 Compensation charge over spherical meshes =      0.366107067916185
 Compensation charge over fft grid         =      0.366243500907065

 ==== Results concerning PAW augmentation regions ====

 Total pseudopotential strength Dij (hartree):
 Atom #  1
   0.34845  -0.00000  -0.00000   0.00000
  -0.00000  -0.04771  -0.00000  -0.00000
  -0.00000  -0.00000  -0.04829  -0.00000
   0.00000  -0.00000  -0.00000  -0.04832
 Atom #  3
   1.16774   0.00047  -0.00000  -0.00119
   0.00047  -0.19412   0.00000  -0.00000
  -0.00000   0.00000  -0.19412  -0.00000
  -0.00119  -0.00000  -0.00000  -0.19500


 Augmentation waves occupancies Rhoij:
 Atom #  1
   1.48340  -0.00106   0.00010   0.00007
  -0.00106   1.49742  -0.00019  -0.00037
   0.00010  -0.00019   0.94193   0.00004
   0.00007  -0.00037   0.00004   0.94126
 Atom #  3
   1.86885   0.23363   0.00072   0.00259
   0.23363   1.41998  -0.00105  -0.00115
   0.00072  -0.00105   1.44110   0.00006
   0.00259  -0.00115   0.00006   1.44331


================================================================================

 ----iterations are completed or convergence reached----

 Mean square residual over all n,k,spin=   0.0000E+00; max=  0.0000E+00
 reduced coordinates (array xred) for    3 atoms
       0.500000000000      0.500000000000      0.500000000000
       0.311027386718      0.500000000000      0.500000000000
       0.688972613282      0.500000000000      0.500000000000
 rms dE/dt=  1.5561E-01; max dE/dt=  2.9394E-01; dE/dt below (all hartree)
    1       0.015339961944     -0.012101453325     -0.012058798395
    2      -0.353545043927     -0.037105192498     -0.032312009932
    3       0.293943013907     -0.039592593148     -0.044879235420

 cartesian coordinates (angstrom) at end:
    1      3.06922780982200     2.43421515951400     2.43421515951400
    2      1.90922780986293     2.43421515951400     2.43421515951400
    3      4.22922780978107     2.43421515951400     2.43421515951400

 cartesian forces (hartree/bohr) at end:
    1     -0.00259430902036    -0.00190198836946    -0.00192295828126
    2      0.02920612252029     0.00081580936683     0.00027847775542
    3     -0.02661181349994     0.00108617900263     0.00164448052584
 frms,max,avg= 1.3249147E-02 2.9206123E-02   1.272E-03  3.217E-03  3.234E-03 h/b

 cartesian forces (eV/Angstrom) at end:
    1     -0.13340472238492    -0.09780416612521    -0.09888248225491
    2      1.50183907783831     0.04195060081401     0.01431990073671
    3     -1.36843435545339     0.05585356531120     0.08456258151821
 frms,max,avg= 6.8129850E-01 1.5018391E+00   6.540E-02  1.654E-01  1.663E-01 e/A
 length scales= 11.600000000000  9.200000000000  9.200000000000 bohr
              =  6.138455619644  4.868430319028  4.868430319028 angstroms
 Fermi (or HOMO) energy (hartree) =   0.00000   Average Vxc (hartree)=  -0.02523
 Eigenvalues (hartree) for nkpt=   1  k points:
 kpt#   1, nband=  8, wtk=  1.00000, kpt=  0.0000  0.0000  0.0000 (reduced coord)
  -1.03666   -1.00092   -0.46379   -0.43408   -0.43353   -0.42415   -0.29314   -0.29238

--------------------------------------------------------------------------------
 Components of total free energy (in Hartree) :

    Kinetic energy  =  2.37898697542837E+01
    Hartree energy  =  6.14951547844177E+01
    XC energy       = -8.25811306511128E+00
    Ion-ion energy  =  3.01083584208382E+01
    PspCore energy  =  0.00000000000000E+00
    Loc. psp. energy= -1.49905774097719E+02
    Spherical terms =  4.98300218229040E+00
    >>>>>>>>> Etotal= -3.77875020210000E+01

 "Double-counting" decomposition of free energy:
    Band energy     = -8.75728054938338E+00
    Ion-ion energy  =  3.01083584208382E+01
    PspCore energy  =  0.00000000000000E+00
    Dble-C XC-energy= -5.89842240748280E+01
    Spherical terms = -1.54350412652404E-01
    >>>> Etotal (DC)= -3.77874966160256E+01

  >Total energy in eV           = -1.02825022260396E+03
  >Total DC energy in eV        = -1.02825007552712E+03
--------------------------------------------------------------------------------

== END DATASET(S) ==============================================================
================================================================================
  
 -outvars: echo values of variables after computation  --------
            acell      1.1600000000E+01  9.2000000000E+00  9.2000000000E+00 Bohr
              amu      1.20110000E+01  1.59994000E+01
      chksymbreak           0
           etotal     -3.7787496616E+01
            fcart     -2.5943090204E-03 -1.9019883695E-03 -1.9229582813E-03
                       2.9206122520E-02  8.1580936683E-04  2.7847775542E-04
                      -2.6611813500E-02  1.0861790026E-03  1.6444805258E-03
-          fftalg         312
         icoulomb           1
             iscf          12
           istwfk        1
           kptopt           0
P           mkmem           1
            natom           3
            nband           8
            ngfft           2       2       2
          ngfftdg           2       2       2
             nkpt           1
        nscforder          14
            nstep          20
             nsym           1
           ntypat           2
         nwfshist           4
              occ      2.000000  2.000000  2.000000  2.000000  2.000000  2.000000
                       2.000000  2.000000
         optstress           0
         pawmixdg           1
           prtden           0
           prteig           0
            prtwf           0
          spgroup           1
           strten      9.9999999999E+99  9.9999999999E+99  9.9999999999E+99
                       9.9999999999E+99  9.9999999999E+99  9.9999999999E+99
           tolvrs      1.00000000E-08
            typat      1  2  2
           usewvl           1
  wvl_bigdft_comp           0
       wvl_crmult      3.00000000E+00
       wvl_frmult      1.00000000E+00
        wvl_hgrid      4.00000000E-01
       wvl_nprccg           5
           xangst      3.0692278098E+00  2.4342151595E+00  2.4342151595E+00
                       1.9092278099E+00  2.4342151595E+00  2.4342151595E+00
                       4.2292278098E+00  2.4342151595E+00  2.4342151595E+00
            xcart      5.8000000000E+00  4.6000000000E+00  4.6000000000E+00
                       3.6079176859E+00  4.6000000000E+00  4.6000000000E+00
                       7.9920823141E+00  4.6000000000E+00  4.6000000000E+00
             xred      5.0000000000E-01  5.0000000000E-01  5.0000000000E-01
                       3.1102738672E-01  5.0000000000E-01  5.0000000000E-01
                       6.8897261328E-01  5.0000000000E-01  5.0000000000E-01
            znucl        6.00000    8.00000

================================================================================


- Timing analysis has been suppressed with timopt=0



================================================================================

 Suggested references for the acknowledgment of ABINIT usage.

 The users of ABINIT have little formal obligations with respect to the ABINIT group
 (those specified in the GNU General Public License, http://www.gnu.org/copyleft/gpl.txt).
 However, it is common practice in the scientific literature,
 to acknowledge the efforts of people that have made the research possible.
 In this spirit, please find below suggested citations of work written by ABINIT developers,
 corresponding to implementations inside of ABINIT that you have used in the present run.
 Note also that it will be of great value to readers of publications presenting these results,
 to read papers enabling them to understand the theoretical formalism and details
 of the ABINIT implementation.
 For information on why they are suggested, see also https://docs.abinit.org/theory/acknowledgments.
-
- [1] Implementation of the Projector Augmented-Wave Method in the ABINIT code.
- M. Torrent, F. Jollet, F. Bottin, G. Zerah, and X. Gonze Comput. Mat. Science 42, 337, (2008).
- Comment : PAW calculations. Strong suggestion to cite this paper.
-
- [2] Daubechies wavelets as a basis set for density functional pseudopotential calculations.
- L. Genovese, A. Neelov, S. Goedecker, T. Deutsch, S.A. Ghasemi, A. Willand, D. Caliste, O. Zilberberg, M. Rayson, A. Bergman et R. Schneider,
- J. Chem. Phys. 129, 014109 (2008).
- Comment : to be cited in case BigDFT project is used, i.e. usewvl=1.
-
- [3] Recent developments in the ABINIT software package.
- Computer Phys. Comm. 205, 106 (2016).
- X.Gonze, F.Jollet, F.Abreu Araujo, D.Adams, B.Amadon, T.Applencourt,
- C.Audouze, J.-M.Beuken, J.Bieder, A.Bokhanchuk, E.Bousquet, F.Bruneval
- D.Caliste, M.Cote, F.Dahm, F.Da Pieve, M.Delaveau, M.Di Gennaro,
- B.Dorado, C.Espejo, G.Geneste, L.Genovese, A.Gerossier, M.Giantomassi,
- Y.Gillet, D.R.Hamann, L.He, G.Jomard, J.Laflamme Janssen, S.Le Roux,
- A.Levitt, A.Lherbier, F.Liu, I.Lukacevic, A.Martin, C.Martins,
- M.J.T.Oliveira, S.Ponce, Y.Pouillon, T.Rangel, G.-M.Rignanese,
- A.H.Romero, B.Rousseau, O.Rubel, A.A.Shukri, M.Stankovski, M.Torrent,
- M.J.Van Setten, B.Van Troeye, M.J.Verstraete, D.Waroquier, J.Wiktor,
- B.Xue, A.Zhou, J.W.Zwanziger.
- Comment : the fourth generic paper describing the ABINIT project.
- Note that a version of this paper, that is not formatted for Computer Phys. Comm. 
- is available at https://www.abinit.org/about/ABINIT16.pdf .
- The licence allows the authors to put it on the Web.
-
- [4] ABINIT : First-principles approach of materials and nanosystem properties.
- Computer Phys. Comm. 180, 2582-2615 (2009).
- X. Gonze, B. Amadon, P.-M. Anglade, J.-M. Beuken, F. Bottin, P. Boulanger, F. Bruneval,
- D. Caliste, R. Caracas, M. Cote, T. Deutsch, L. Genovese, Ph. Ghosez, M. Giantomassi
- S. Goedecker, D.R. Hamann, P. Hermet, F. Jollet, G. Jomard, S. Leroux, M. Mancini, S. Mazevet,
- M.J.T. Oliveira, G. Onida, Y. Pouillon, T. Rangel, G.-M. Rignanese, D. Sangalli, R. Shaltaf,
- M. Torrent, M.J. Verstraete, G. Zerah, J.W. Zwanziger
- Comment : the third generic paper describing the ABINIT project.
- Note that a version of this paper, that is not formatted for Computer Phys. Comm. 
- is available at https://www.abinit.org/about/ABINIT_CPC_v10.pdf .
- The licence allows the authors to put it on the Web.
-
- [5] A brief introduction to the ABINIT software package.
- Z. Kristallogr. 220, 558-562 (2005).
- X. Gonze, G.-M. Rignanese, M. Verstraete, J.-M. Beuken, Y. Pouillon, R. Caracas, F. Jollet,
- M. Torrent, G. Zerah, M. Mikami, Ph. Ghosez, M. Veithen, J.-Y. Raty, V. Olevano, F. Bruneval,
- L. Reining, R. Godby, G. Onida, D.R. Hamann, and D.C. Allan.
- Comment : the second generic paper describing the ABINIT project. Note that this paper
- should be cited especially if you are using the GW part of ABINIT, as several authors
- of this part are not in the list of authors of the first or third paper.
- The .pdf of the latter paper is available at https://www.abinit.org/about/zfk_0505-06_558-562.pdf.
- Note that it should not redistributed (Copyright by Oldenburg Wissenshaftverlag,
- the licence allows the authors to put it on the Web).
-
- Proc.   0 individual time (sec): cpu=          8.6  wall=          8.6

================================================================================

 Calculation completed.
.Delivered  14 WARNINGs and   3 COMMENTs to log file.
+Overall time at end (sec) : cpu=         14.2  wall=         17.8
