
.Version 9.3.1 of AIM 
.(MPI version, prepared for a x86_64_linux_gnu9.3 computer) 

.Copyright (C) 1998-2024 ABINIT group . 
 AIM comes with ABSOLUTELY NO WARRANTY.
 It is free software, and you are welcome to redistribute it
 under certain conditions (GNU General Public License,
 see ~abinit/COPYING or http://www.gnu.org/copyleft/gpl.txt).

 ABINIT is a project of the Universite Catholique de Louvain,
 Corning Inc. and other collaborators, see ~abinit/doc/developers/contributors.txt .
 Please read https://docs.abinit.org/theory/acknowledgments for suggested
 acknowledgments of the ABINIT effort.
 For more information, see https://www.abinit.org .

.Starting date : Tue 10 Nov 2020.
- ( at 22h26 )
  
 ECHO of the INPUT
 ************************
 SURF                 1
 CRIT                 2
 ATOM                 1
 GPSURF               1
 IRHO                 1
 INPT                50
 NTHETA               5
 NPHI                 5
 THETAMAX   1.5707963268E+00
 PHIMAX     1.5707963268E+00
 MAXATD     1.4000000000E+01
 ===============================================================================
 ECHO of the ABINIT file header 
 
 First record :
.codvsn,headform,fform = 9.3.1      80   52
 
 Second record :
 bantot,intxc,ixc,natom  =     1     0     1     1
 ngfft(1:3),nkpt         =    54    54    54     1
 nspden,nspinor          =     1     1
 nsppol,nsym,npsp,ntypat =     1    48     1     1
 occopt,pertcase,usepaw  =     1     0     0
 ecut,ecutdg,ecutsm      =  6.0000000000E+01  6.0000000000E+01  0.0000000000E+00
 ecut_eff                =  6.0000000000E+01
 qptn(1:3)               =  0.0000000000E+00  0.0000000000E+00  0.0000000000E+00
 rprimd(1:3,1)           =  7.4000000000E+00  0.0000000000E+00  0.0000000000E+00
 rprimd(1:3,2)           =  0.0000000000E+00  7.4000000000E+00  0.0000000000E+00
 rprimd(1:3,3)           =  0.0000000000E+00  0.0000000000E+00  7.4000000000E+00
 stmbias,tphysel,tsmear  =  0.0000000000E+00  0.0000000000E+00  1.0000000000E-02

 Third record :
 istwfk=   2
 nband =   1
 npwarr= 4523
 so_psp=   1
 symafm=
          1  1  1  1  1  1  1  1  1  1  1  1  1  1  1  1  1  1  1  1  1  1  1  1
          1  1  1  1  1  1  1  1  1  1  1  1  1  1  1  1  1  1  1  1  1  1  1  1
 symrel=
           1   0   0   0   1   0   0   0   1    -1   0   0   0  -1   0   0   0  -1
          -1   0   0   0   1   0   0   0  -1     1   0   0   0  -1   0   0   0   1
          -1   0   0   0  -1   0   0   0   1     1   0   0   0   1   0   0   0  -1
           1   0   0   0  -1   0   0   0  -1    -1   0   0   0   1   0   0   0   1
           0   1   0   1   0   0   0   0   1     0  -1   0  -1   0   0   0   0  -1
           0  -1   0   1   0   0   0   0  -1     0   1   0  -1   0   0   0   0   1
           0  -1   0  -1   0   0   0   0   1     0   1   0   1   0   0   0   0  -1
           0   1   0  -1   0   0   0   0  -1     0  -1   0   1   0   0   0   0   1
           0   0   1   1   0   0   0   1   0     0   0  -1  -1   0   0   0  -1   0
           0   0  -1   1   0   0   0  -1   0     0   0   1  -1   0   0   0   1   0
           0   0  -1  -1   0   0   0   1   0     0   0   1   1   0   0   0  -1   0
           0   0   1  -1   0   0   0  -1   0     0   0  -1   1   0   0   0   1   0
           1   0   0   0   0   1   0   1   0    -1   0   0   0   0  -1   0  -1   0
          -1   0   0   0   0   1   0  -1   0     1   0   0   0   0  -1   0   1   0
          -1   0   0   0   0  -1   0   1   0     1   0   0   0   0   1   0  -1   0
           1   0   0   0   0  -1   0  -1   0    -1   0   0   0   0   1   0   1   0
           0   1   0   0   0   1   1   0   0     0  -1   0   0   0  -1  -1   0   0
           0  -1   0   0   0   1  -1   0   0     0   1   0   0   0  -1   1   0   0
           0  -1   0   0   0  -1   1   0   0     0   1   0   0   0   1  -1   0   0
           0   1   0   0   0  -1  -1   0   0     0  -1   0   0   0   1   1   0   0
           0   0   1   0   1   0   1   0   0     0   0  -1   0  -1   0  -1   0   0
           0   0  -1   0   1   0  -1   0   0     0   0   1   0  -1   0   1   0   0
           0   0  -1   0  -1   0   1   0   0     0   0   1   0   1   0  -1   0   0
           0   0   1   0  -1   0  -1   0   0     0   0  -1   0   1   0   1   0   0
 type  =   1
 kptns =                 (max 50 k-points will be written)
            0.000000E+00    0.000000E+00    0.000000E+00
 wtk =
          1.00
   occ =
          2.00
 tnons =
          0.000000  0.000000  0.000000    0.000000  0.000000  0.000000
          0.000000  0.000000  0.000000    0.000000  0.000000  0.000000
          0.000000  0.000000  0.000000    0.000000  0.000000  0.000000
          0.000000  0.000000  0.000000    0.000000  0.000000  0.000000
          0.000000  0.000000  0.000000    0.000000  0.000000  0.000000
          0.000000  0.000000  0.000000    0.000000  0.000000  0.000000
          0.000000  0.000000  0.000000    0.000000  0.000000  0.000000
          0.000000  0.000000  0.000000    0.000000  0.000000  0.000000
          0.000000  0.000000  0.000000    0.000000  0.000000  0.000000
          0.000000  0.000000  0.000000    0.000000  0.000000  0.000000
          0.000000  0.000000  0.000000    0.000000  0.000000  0.000000
          0.000000  0.000000  0.000000    0.000000  0.000000  0.000000
          0.000000  0.000000  0.000000    0.000000  0.000000  0.000000
          0.000000  0.000000  0.000000    0.000000  0.000000  0.000000
          0.000000  0.000000  0.000000    0.000000  0.000000  0.000000
          0.000000  0.000000  0.000000    0.000000  0.000000  0.000000
          0.000000  0.000000  0.000000    0.000000  0.000000  0.000000
          0.000000  0.000000  0.000000    0.000000  0.000000  0.000000
          0.000000  0.000000  0.000000    0.000000  0.000000  0.000000
          0.000000  0.000000  0.000000    0.000000  0.000000  0.000000
          0.000000  0.000000  0.000000    0.000000  0.000000  0.000000
          0.000000  0.000000  0.000000    0.000000  0.000000  0.000000
          0.000000  0.000000  0.000000    0.000000  0.000000  0.000000
          0.000000  0.000000  0.000000    0.000000  0.000000  0.000000
  znucl= 12.00

 Pseudopotential info :
 title= Troullier-Martins psp for element  Mg        Thu Oct 27 17:30:49 EDT 1994
  znuclpsp= 12.00, zionpsp=  2.00, pspso=  0, pspdat=940714, pspcod=  1, pspxc=  1
  lmnmax  =  2
 
 Last record :
 residm,etot,fermie=    3.557173E-18   -1.212220991991E+00   -1.622247E-01
 xred =
            0.000000E+00    0.000000E+00    0.000000E+00
 End the ECHO of the ABINIT file header 
 ===============================================================================
 INVERSE OF RPRIMD: 
      0.13513514      0.00000000      0.00000000
      0.00000000      0.13513514      0.00000000
      0.00000000      0.00000000      0.13513514

 ATOMS (index,at.number,Zionic,position(xcart.))
 =======================================
   1 12.000000  2.000000      0.00000000      0.00000000      0.00000000

 CRITICAL POINTS ANALYSIS
 ========================

 ATOM:
 inxat :           1 inxcell :         172
    0.000000E+00    0.000000E+00    0.000000E+00

 NEIGHBORING ATOMS (atindex,cellindex,distance(in bohr)):
           1   123      7.40000000
           1   165      7.40000000
           1   171      7.40000000
           1   173      7.40000000
           1   179      7.40000000
           1   221      7.40000000
           1   116     10.46518036
           1   122     10.46518036
           1   124     10.46518036
           1   130     10.46518036
           1   164     10.46518036
           1   166     10.46518036
           1   178     10.46518036
           1   180     10.46518036
           1   214     10.46518036
           1   220     10.46518036
           1   222     10.46518036
           1   228     10.46518036
           1   115     12.81717598
           1   117     12.81717598
           1   129     12.81717598
           1   131     12.81717598
           1   213     12.81717598
           1   215     12.81717598
           1   227     12.81717598
           1   229     12.81717598

 BONDING CRITICAL POINTS (BCP)
 =============================

 Bonded atom (BAT) (indxatm,indxcell,position): 
     1   123     -7.40000000      0.00000000      0.00000000
%Bonding CP:      -3.70000000      0.00000000      0.00000000
%Eigenval. of Hessian:       0.00336465     -0.00167618     -0.00167618
 Eigenvec. of Hessian:
-      1.00000000     -0.00000000      0.00000000
-      0.00000000      0.75209895      0.65905021
-     -0.00000000     -0.65905021      0.75209895

%Density and laplacian in CP:       0.00631683      0.00001228
%Relative position of BCP (AT-CP,BAT-CP,AT-BAT,relative(AT): 
      3.70000000      3.70000000      7.40000000      0.50000000
 ********************************************************************
 Bonded atom (BAT) (indxatm,indxcell,position): 
     1   165      0.00000000     -7.40000000      0.00000000
%Bonding CP:       0.00000000     -3.70000000      0.00000000
%Eigenval. of Hessian:       0.00336465     -0.00167618     -0.00167618
 Eigenvec. of Hessian:
-     -0.00000000      0.99852212     -0.05434675
-      1.00000000      0.00000000      0.00000000
-     -0.00000000      0.05434675      0.99852212

%Density and laplacian in CP:       0.00631683      0.00001228
%Relative position of BCP (AT-CP,BAT-CP,AT-BAT,relative(AT): 
      3.70000000      3.70000000      7.40000000      0.50000000
 ********************************************************************
 Bonded atom (BAT) (indxatm,indxcell,position): 
     1   171      0.00000000      0.00000000     -7.40000000
%Bonding CP:      -0.00000000     -0.00000000     -3.70000000
%Eigenval. of Hessian:       0.00336465     -0.00167618     -0.00167618
 Eigenvec. of Hessian:
-      0.00000000      0.70204703      0.71213058
-      0.00000000      0.71213058     -0.70204703
-      1.00000000     -0.00000000      0.00000000

%Density and laplacian in CP:       0.00631683      0.00001228
%Relative position of BCP (AT-CP,BAT-CP,AT-BAT,relative(AT): 
      3.70000000      3.70000000      7.40000000      0.50000000
 ********************************************************************
 Bonded atom (BAT) (indxatm,indxcell,position): 
     1   173      0.00000000      0.00000000      7.40000000
%Bonding CP:      -0.00000000     -0.00000000      3.70000000
%Eigenval. of Hessian:       0.00336465     -0.00167618     -0.00167618
 Eigenvec. of Hessian:
-      0.00000000      0.70208341      0.71209472
-      0.00000000      0.71209472     -0.70208341
-      1.00000000     -0.00000000      0.00000000

%Density and laplacian in CP:       0.00631683      0.00001228
%Relative position of BCP (AT-CP,BAT-CP,AT-BAT,relative(AT): 
      3.70000000      3.70000000      7.40000000      0.50000000
 ********************************************************************
 Bonded atom (BAT) (indxatm,indxcell,position): 
     1   179      0.00000000      7.40000000      0.00000000
%Bonding CP:       0.00000000      3.70000000      0.00000000
%Eigenval. of Hessian:       0.00336465     -0.00167618     -0.00167618
 Eigenvec. of Hessian:
-     -0.00000000      0.99852212     -0.05434675
-      1.00000000      0.00000000      0.00000000
-     -0.00000000      0.05434675      0.99852212

%Density and laplacian in CP:       0.00631683      0.00001228
%Relative position of BCP (AT-CP,BAT-CP,AT-BAT,relative(AT): 
      3.70000000      3.70000000      7.40000000      0.50000000
 ********************************************************************
 Bonded atom (BAT) (indxatm,indxcell,position): 
     1   221      7.40000000      0.00000000      0.00000000
%Bonding CP:       3.70000000      0.00000000      0.00000000
%Eigenval. of Hessian:       0.00336465     -0.00167618     -0.00167618
 Eigenvec. of Hessian:
-      1.00000000     -0.00000000      0.00000000
-      0.00000000      0.75209895      0.65905021
-     -0.00000000     -0.65905021      0.75209895

%Density and laplacian in CP:       0.00631683      0.00001228
%Relative position of BCP (AT-CP,BAT-CP,AT-BAT,relative(AT): 
      3.70000000      3.70000000      7.40000000      0.50000000
 ********************************************************************
 Number of BCP found:    6

 RING CRITICAL POINTS (RCP)
 =============================

;Ring CP:      -3.70000000     -3.70000000      0.00000000
%Eigenval. of Hessian:       0.00090716      0.00090716     -0.00052002
 Eigenvec. of Hessian:
-      0.74387860     -0.66831477      0.00000000
-      0.66831477      0.74387860      0.00000000
-     -0.00000000      0.00000000      1.00000000

%Density and laplacian in CP:       0.00281265      0.00129429
 ********************************************************************
;Ring CP:      -3.70000000      0.00000000     -3.70000000
%Eigenval. of Hessian:       0.00090716      0.00090716     -0.00052002
 Eigenvec. of Hessian:
-      0.76717104     -0.64144258      0.00000000
-     -0.00000000      0.00000000      1.00000000
-      0.64144258      0.76717104      0.00000000

%Density and laplacian in CP:       0.00281265      0.00129429
 ********************************************************************
;Ring CP:      -3.70000000      0.00000000      3.70000000
%Eigenval. of Hessian:       0.00090716      0.00090716     -0.00052002
 Eigenvec. of Hessian:
-      0.93756581     -0.34780792     -0.00000000
-     -0.00000000     -0.00000000      1.00000000
-      0.34780792      0.93756581      0.00000000

%Density and laplacian in CP:       0.00281265      0.00129429
 ********************************************************************
;Ring CP:      -3.70000000      3.70000000      0.00000000
%Eigenval. of Hessian:       0.00090716      0.00090716     -0.00052002
 Eigenvec. of Hessian:
-      0.83499501     -0.55025751      0.00000000
-      0.55025751      0.83499501      0.00000000
-     -0.00000000     -0.00000000      1.00000000

%Density and laplacian in CP:       0.00281265      0.00129429
 ********************************************************************
;Ring CP:       0.00000000     -3.70000000     -3.70000000
%Eigenval. of Hessian:       0.00090716      0.00090716     -0.00052002
 Eigenvec. of Hessian:
-      0.00000000     -0.00000000      1.00000000
-      0.79472918      0.60696419      0.00000000
-     -0.60696419      0.79472918      0.00000000

%Density and laplacian in CP:       0.00281265      0.00129429
 ********************************************************************
;Ring CP:      -0.00000000     -3.70000000      3.70000000
%Eigenval. of Hessian:       0.00090716      0.00090716     -0.00052002
 Eigenvec. of Hessian:
-      0.00000000     -0.00000000      1.00000000
-      0.98731570     -0.15876935     -0.00000000
-      0.15876935      0.98731570      0.00000000

%Density and laplacian in CP:       0.00281265      0.00129429
 ********************************************************************
;Ring CP:       0.00000000      3.70000000     -3.70000000
%Eigenval. of Hessian:       0.00090716      0.00090716     -0.00052002
 Eigenvec. of Hessian:
-     -0.00000000      0.00000000      1.00000000
-      0.79466839     -0.60704378      0.00000000
-      0.60704378      0.79466839      0.00000000

%Density and laplacian in CP:       0.00281265      0.00129429
 ********************************************************************
;Ring CP:       0.00000000      3.70000000      3.70000000
%Eigenval. of Hessian:       0.00090716      0.00090716     -0.00052002
 Eigenvec. of Hessian:
-     -0.00000000      0.00000000      1.00000000
-      0.83037151     -0.55721015      0.00000000
-      0.55721015      0.83037151      0.00000000

%Density and laplacian in CP:       0.00281265      0.00129429
 ********************************************************************
;Ring CP:       3.70000000     -3.70000000      0.00000000
%Eigenval. of Hessian:       0.00090716      0.00090716     -0.00052002
 Eigenvec. of Hessian:
-      0.84383641     -0.53660052      0.00000000
-      0.53660052      0.84383641      0.00000000
-     -0.00000000      0.00000000      1.00000000

%Density and laplacian in CP:       0.00281265      0.00129429
 ********************************************************************
;Ring CP:       3.70000000     -0.00000000     -3.70000000
%Eigenval. of Hessian:       0.00090716      0.00090716     -0.00052002
 Eigenvec. of Hessian:
-      0.97123489     -0.23812346      0.00000000
-      0.00000000      0.00000000      1.00000000
-      0.23812346      0.97123489     -0.00000000

%Density and laplacian in CP:       0.00281265      0.00129429
 ********************************************************************
;Ring CP:       3.70000000     -0.00000000      3.70000000
%Eigenval. of Hessian:       0.00090716      0.00090716     -0.00052002
 Eigenvec. of Hessian:
-      0.79562616     -0.60578793     -0.00000000
-      0.00000000     -0.00000000      1.00000000
-      0.60578793      0.79562616     -0.00000000

%Density and laplacian in CP:       0.00281265      0.00129429
 ********************************************************************
;Ring CP:       3.70000000      3.70000000      0.00000000
%Eigenval. of Hessian:       0.00090716      0.00090716     -0.00052002
 Eigenvec. of Hessian:
-      0.94771885     -0.31910654      0.00000000
-      0.31910654      0.94771885      0.00000000
-     -0.00000000      0.00000000      1.00000000

%Density and laplacian in CP:       0.00281265      0.00129429
 ********************************************************************
 Number of RCP found:   12

 CAGE CRITICAL POINTS (CCP)
 =============================

%Cage CP:      -3.70000000     -3.70000000     -3.70000000
%Eigenval. of Hessian:       0.00035116      0.00035116      0.00035116
 Eigenvec. of Hessian:
-      0.88260581      0.46555586     -0.06530476
-     -0.44522863      0.78318493     -0.43404243
-     -0.15092529      0.41216392      0.89852238

%Density and laplacian in CP:       0.00162242      0.00105347
 ********************************************************************
%Cage CP:      -3.70000000     -3.70000000      3.70000000
%Eigenval. of Hessian:       0.00035116      0.00035116      0.00035116
 Eigenvec. of Hessian:
-      0.80602651      0.57009263     -0.15910896
-     -0.59167065      0.76894358     -0.24218096
-     -0.01571976      0.28934437      0.95709598

%Density and laplacian in CP:       0.00162242      0.00105347
 ********************************************************************
%Cage CP:      -3.70000000      3.70000000     -3.70000000
%Eigenval. of Hessian:       0.00035116      0.00035116      0.00035116
 Eigenvec. of Hessian:
-      0.86091508      0.50750884     -0.03549638
-     -0.49495313      0.81939080     -0.28917143
-     -0.11767165      0.26652109      0.95661899

%Density and laplacian in CP:       0.00162242      0.00105347
 ********************************************************************
%Cage CP:      -3.70000000      3.70000000      3.70000000
%Eigenval. of Hessian:       0.00035116      0.00035116      0.00035116
 Eigenvec. of Hessian:
-      0.80660949      0.54120364     -0.23765468
-     -0.57926689      0.80377154     -0.13565098
-      0.11760526      0.24708286      0.96183110

%Density and laplacian in CP:       0.00162242      0.00105347
 ********************************************************************
%Cage CP:       3.70000000     -3.70000000     -3.70000000
%Eigenval. of Hessian:       0.00035116      0.00035116      0.00035116
 Eigenvec. of Hessian:
-      0.82714475      0.48133563     -0.29008201
-     -0.52793247      0.84246153     -0.10745176
-      0.19266257      0.24202188      0.95095034

%Density and laplacian in CP:       0.00162242      0.00105347
 ********************************************************************
%Cage CP:       3.70000000     -3.70000000      3.70000000
%Eigenval. of Hessian:       0.00035116      0.00035116      0.00035116
 Eigenvec. of Hessian:
-      0.76773167      0.53701945     -0.34956859
-     -0.61144934      0.77712059     -0.14904126
-      0.19161889      0.32816717      0.92498027

%Density and laplacian in CP:       0.00162242      0.00105347
 ********************************************************************
%Cage CP:       3.70000000      3.70000000     -3.70000000
%Eigenval. of Hessian:       0.00035116      0.00035116      0.00035116
 Eigenvec. of Hessian:
-      0.83200475      0.54058656     -0.12463655
-     -0.55365971      0.79491807     -0.24812534
-     -0.03505738      0.27544770      0.96067661

%Density and laplacian in CP:       0.00162242      0.00105347
 ********************************************************************
%Cage CP:       3.70000000      3.70000000      3.70000000
%Eigenval. of Hessian:       0.00035116      0.00035116      0.00035116
 Eigenvec. of Hessian:
-      0.78912802      0.52901929     -0.31211468
-     -0.56605234      0.82361866     -0.03517169
-      0.23845697      0.20442821      0.94939316

%Density and laplacian in CP:       0.00162242      0.00105347
 ********************************************************************
 Number of CCP found:    8

BCP-RCP-CCP       6      12       8

 ===============================
 END OF CRITICAL POINTS ANALYSIS


 BADER SURFACE DETERMINATION
 ===========================

 Atom:    1   0.0000000000   0.0000000000   0.0000000000
 Theta:   5   0.0000000000   1.5707963268
 Phi:     5   0.0000000000   1.5707963268

 DEVELOPMENT OF THE RADII DETERMINATIONS
 ========================================

 Determination near the CPs:

 BCP: (index,theta,phi)   1  0.15707963E+01  0.31415927E+01
 ATOMIC RADII (ith,iph,theta,phi,radius)
-   -1 -1  0.13379321E+01  0.12083110E+01  0.40669111E+01
-   -1  0  0.13379321E+01  0.14971102E+01  0.38129852E+01
-    0 -1  0.15238690E+01  0.12083110E+01  0.39614988E+01
-    0  0  0.15238690E+01  0.14971102E+01  0.37141449E+01

 BCP: (index,theta,phi)   2  0.15707963E+01 -0.15707963E+01
 ATOMIC RADII (ith,iph,theta,phi,radius)
-   -1  1  0.13379321E+01  0.73686177E-01  0.38129852E+01
-   -1  2  0.13379321E+01  0.36248536E+00  0.40668956E+01
-    0  1  0.15238690E+01  0.73686177E-01  0.37141449E+01
-    0  2  0.15238690E+01  0.36248536E+00  0.39614984E+01

 BCP: (index,theta,phi)   3  0.31415927E+01  0.00000000E+00
 ATOMIC RADII (ith,iph,theta,phi,radius)
-   -1  1  0.13379321E+01  0.73686177E-01  0.38129852E+01
-   -1  2  0.13379321E+01  0.36248536E+00  0.40668956E+01
-    0  1  0.15238690E+01  0.73686177E-01  0.37141449E+01
-    0  2  0.15238690E+01  0.36248536E+00  0.39614984E+01

 BCP: (index,theta,phi)   4  0.00000000E+00  0.00000000E+00
 ATOMIC RADII (ith,iph,theta,phi,radius)
-    1  1  0.30751096E+00  0.73686177E-01  0.38821136E+01
-    1  2  0.30751096E+00  0.36248536E+00  0.38821014E+01
-    2  1  0.69315383E+00  0.73686177E-01  0.48099678E+01
-    2  2  0.69315383E+00  0.36248536E+00  0.48099678E+01

 BCP: (index,theta,phi)   5  0.15707963E+01  0.15707963E+01
 ATOMIC RADII (ith,iph,theta,phi,radius)
-   -1 -1  0.13379321E+01  0.12083110E+01  0.40669111E+01
-   -1  0  0.13379321E+01  0.14971102E+01  0.38129852E+01
-    0 -1  0.15238690E+01  0.12083110E+01  0.39614988E+01
-    0  0  0.15238690E+01  0.14971102E+01  0.37141449E+01

 BCP: (index,theta,phi)   6  0.15707963E+01  0.00000000E+00
 ATOMIC RADII (ith,iph,theta,phi,radius)
-   -1  1  0.13379321E+01  0.73686177E-01  0.38129852E+01
-   -1  2  0.13379321E+01  0.36248536E+00  0.40668956E+01
-    0  1  0.15238690E+01  0.73686177E-01  0.37141449E+01
-    0  2  0.15238690E+01  0.36248536E+00  0.39614984E+01

;RCP: (index,theta,phi)   1  0.15707963E+01 -0.23561945E+01
 ATOMIC RADIUS (ith,iph,theta,phi,radius)
-   -1  1  0.13379321E+01  0.73686177E-01  0.38129852E+01
-   -1  2  0.13379321E+01  0.36248536E+00  0.40668956E+01
-    0  1  0.15238690E+01  0.73686177E-01  0.37141449E+01
-    0  2  0.15238690E+01  0.36248536E+00  0.39614984E+01

;RCP: (index,theta,phi)   2  0.23561945E+01  0.31415927E+01
 ATOMIC RADIUS (ith,iph,theta,phi,radius)
-   -1 -1  0.13379321E+01  0.12083110E+01  0.40669111E+01
-   -1  0  0.13379321E+01  0.14971102E+01  0.38129852E+01
-    0 -1  0.15238690E+01  0.12083110E+01  0.39614988E+01
-    0  0  0.15238690E+01  0.14971102E+01  0.37141449E+01

;RCP: (index,theta,phi)   3  0.78539816E+00  0.31415927E+01
 ATOMIC RADIUS (ith,iph,theta,phi,radius)
-   -1 -1  0.30751096E+00  0.12083110E+01  0.38821136E+01
-   -1  0  0.30751096E+00  0.14971102E+01  0.38821136E+01
-    0 -1  0.69315383E+00  0.12083110E+01  0.48100081E+01
-    0  0  0.69315383E+00  0.14971102E+01  0.48099678E+01
-    1 -1  0.10471976E+01  0.12083110E+01  0.45693246E+01
-    1  0  0.10471976E+01  0.14971102E+01  0.42840147E+01
-    2 -1  0.13379321E+01  0.12083110E+01  0.40669111E+01
-    2  0  0.13379321E+01  0.14971102E+01  0.38129852E+01

;RCP: (index,theta,phi)   4  0.15707963E+01  0.23561945E+01
 ATOMIC RADIUS (ith,iph,theta,phi,radius)
-   -1 -1  0.13379321E+01  0.12083110E+01  0.40669111E+01
-   -1  0  0.13379321E+01  0.14971102E+01  0.38129852E+01
-    0 -1  0.15238690E+01  0.12083110E+01  0.39614988E+01
-    0  0  0.15238690E+01  0.14971102E+01  0.37141449E+01

;RCP: (index,theta,phi)   5  0.23561945E+01 -0.15707963E+01
 ATOMIC RADIUS (ith,iph,theta,phi,radius)
-   -1  1  0.13379321E+01  0.73686177E-01  0.38129852E+01
-   -1  2  0.13379321E+01  0.36248536E+00  0.40668956E+01
-    0  1  0.15238690E+01  0.73686177E-01  0.37141449E+01
-    0  2  0.15238690E+01  0.36248536E+00  0.39614984E+01

;RCP: (index,theta,phi)   6  0.78539816E+00 -0.15707963E+01
 ATOMIC RADIUS (ith,iph,theta,phi,radius)
-   -1  1  0.30751096E+00  0.73686177E-01  0.38821136E+01
-   -1  2  0.30751096E+00  0.36248536E+00  0.38821014E+01
-    0  1  0.69315383E+00  0.73686177E-01  0.48099678E+01
-    0  2  0.69315383E+00  0.36248536E+00  0.48099678E+01
-    1  1  0.10471976E+01  0.73686177E-01  0.42840147E+01
-    1  2  0.10471976E+01  0.36248536E+00  0.45692843E+01
-    2  1  0.13379321E+01  0.73686177E-01  0.38129852E+01
-    2  2  0.13379321E+01  0.36248536E+00  0.40668956E+01

;RCP: (index,theta,phi)   7  0.23561945E+01  0.15707963E+01
 ATOMIC RADIUS (ith,iph,theta,phi,radius)
-   -1 -1  0.13379321E+01  0.12083110E+01  0.40669111E+01
-   -1  0  0.13379321E+01  0.14971102E+01  0.38129852E+01
-    0 -1  0.15238690E+01  0.12083110E+01  0.39614988E+01
-    0  0  0.15238690E+01  0.14971102E+01  0.37141449E+01

;RCP: (index,theta,phi)   8  0.78539816E+00  0.15707963E+01
 ATOMIC RADIUS (ith,iph,theta,phi,radius)
-   -1 -1  0.30751096E+00  0.12083110E+01  0.38821136E+01
-   -1  0  0.30751096E+00  0.14971102E+01  0.38821136E+01
-    0 -1  0.69315383E+00  0.12083110E+01  0.48100081E+01
-    0  0  0.69315383E+00  0.14971102E+01  0.48099678E+01
-    1 -1  0.10471976E+01  0.12083110E+01  0.45693246E+01
-    1  0  0.10471976E+01  0.14971102E+01  0.42840147E+01
-    2 -1  0.13379321E+01  0.12083110E+01  0.40669111E+01
-    2  0  0.13379321E+01  0.14971102E+01  0.38129852E+01

;RCP: (index,theta,phi)   9  0.15707963E+01 -0.78539816E+00
 ATOMIC RADIUS (ith,iph,theta,phi,radius)
-   -1  1  0.13379321E+01  0.73686177E-01  0.38129852E+01
-   -1  2  0.13379321E+01  0.36248536E+00  0.40668956E+01
-    0  1  0.15238690E+01  0.73686177E-01  0.37141449E+01
-    0  2  0.15238690E+01  0.36248536E+00  0.39614984E+01

;RCP: (index,theta,phi)  10  0.23561945E+01 -0.86301335E-12
 ATOMIC RADIUS (ith,iph,theta,phi,radius)
-   -1  1  0.13379321E+01  0.73686177E-01  0.38129852E+01
-   -1  2  0.13379321E+01  0.36248536E+00  0.40668956E+01
-    0  1  0.15238690E+01  0.73686177E-01  0.37141449E+01
-    0  2  0.15238690E+01  0.36248536E+00  0.39614984E+01

;RCP: (index,theta,phi)  11  0.78539816E+00 -0.25092195E-09
 ATOMIC RADIUS (ith,iph,theta,phi,radius)
-   -1  1  0.30751096E+00  0.73686177E-01  0.38821136E+01
-   -1  2  0.30751096E+00  0.36248536E+00  0.38821014E+01
-    0  1  0.69315383E+00  0.73686177E-01  0.48099678E+01
-    0  2  0.69315383E+00  0.36248536E+00  0.48099678E+01
-    1  1  0.10471976E+01  0.73686177E-01  0.42840147E+01
-    1  2  0.10471976E+01  0.36248536E+00  0.45692843E+01
-    2  1  0.13379321E+01  0.73686177E-01  0.38129852E+01
-    2  2  0.13379321E+01  0.36248536E+00  0.40668956E+01

;RCP: (index,theta,phi)  12  0.15707963E+01  0.78539816E+00
 ATOMIC RADIUS (ith,iph,theta,phi,radius)
-   -1 -1  0.13379321E+01  0.36248536E+00  0.40668956E+01
-   -1  0  0.13379321E+01  0.78539816E+00  0.53777217E+01
-   -1  1  0.13379321E+01  0.12083110E+01  0.40669111E+01
-   -1  2  0.13379321E+01  0.14971102E+01  0.38129852E+01
-    0 -1  0.15238690E+01  0.36248536E+00  0.39614984E+01
-    0  0  0.15238690E+01  0.78539816E+00  0.52383588E+01
-    0  1  0.15238690E+01  0.12083110E+01  0.39614988E+01
-    0  2  0.15238690E+01  0.14971102E+01  0.37141449E+01

 The boundary angles:
 ====================
 ATOMIC RADIUS (ith,iph,theta,phi,radius)

 The complete Bader surface:
 ===========================
 ATOMIC RADIUS (ith,iph,theta,phi,radius)
     1  1  0.30751096E+00  0.73686177E-01  0.38821136E+01
     1  2  0.30751096E+00  0.36248536E+00  0.38821014E+01
     1  3  0.30751096E+00  0.78539816E+00  0.38821014E+01
     1  4  0.30751096E+00  0.12083110E+01  0.38821136E+01
     1  5  0.30751096E+00  0.14971102E+01  0.38821136E+01
     2  1  0.69315383E+00  0.73686177E-01  0.48099678E+01
     2  2  0.69315383E+00  0.36248536E+00  0.48099678E+01
     2  3  0.69315383E+00  0.78539816E+00  0.48099556E+01
     2  4  0.69315383E+00  0.12083110E+01  0.48100081E+01
     2  5  0.69315383E+00  0.14971102E+01  0.48099678E+01
     3  1  0.10471976E+01  0.73686177E-01  0.42840147E+01
     3  2  0.10471976E+01  0.36248536E+00  0.45692843E+01
     3  3  0.10471976E+01  0.78539816E+00  0.60421423E+01
     3  4  0.10471976E+01  0.12083110E+01  0.45693246E+01
     3  5  0.10471976E+01  0.14971102E+01  0.42840147E+01
     4  1  0.13379321E+01  0.73686177E-01  0.38129852E+01
     4  2  0.13379321E+01  0.36248536E+00  0.40668956E+01
     4  3  0.13379321E+01  0.78539816E+00  0.53777217E+01
     4  4  0.13379321E+01  0.12083110E+01  0.40669111E+01
     4  5  0.13379321E+01  0.14971102E+01  0.38129852E+01
     5  1  0.15238690E+01  0.73686177E-01  0.37141449E+01
     5  2  0.15238690E+01  0.36248536E+00  0.39614984E+01
     5  3  0.15238690E+01  0.78539816E+00  0.52383588E+01
     5  4  0.15238690E+01  0.12083110E+01  0.39614988E+01
     5  5  0.15238690E+01  0.14971102E+01  0.37141449E+01

 The minimal and maximal radii:

        3.7141448974   6.0421422721

 CHARGE INTEGRATION
 ==================
 Core density contribution: 

         10.00000357

 Different density contributions: Core (only spherical part) and the rest 

            9.99992513      2.03526845

 For atom number    1, the number of electrons in the Bader volume is    12.03519357
 The nuclear charge is     12.0000000, so that the Bader charge is       -0.03519357


 TIME ANALYSIS
 ============

 Time needed (seconds) - total, CP analyse, SURF determination:

-               0.91773097      0.10804900      0.79274698

+Total cpu time      0.918  and wall time      0.920 sec

 aim : the run completed succesfully.
