
.Version 9.9.0 of MRGDV 
.(MPI version, prepared for a x86_64_linux_gnu9.3 computer) 

.Copyright (C) 1998-2024 ABINIT group . 
 MRGDV comes with ABSOLUTELY NO WARRANTY.
 It is free software, and you are welcome to redistribute it
 under certain conditions (GNU General Public License,
 see ~abinit/COPYING or http://www.gnu.org/copyleft/gpl.txt).

 ABINIT is a project of the Universite Catholique de Louvain,
 Corning Inc. and other collaborators, see ~abinit/doc/developers/contributors.txt .
 Please read https://docs.abinit.org/theory/acknowledgments for suggested
 acknowledgments of the ABINIT effort.
 For more information, see https://www.abinit.org .

.Starting date : Wed  8 Mar 2023.
- ( at 16h02 )
  
->> Enter name of output file: 
->> Enter total number of DFPT POT files: 
->> Enter name of POT file 1 : 
->> Enter name of POT file 2 : 
->> Enter name of POT file 3 : 
->> Enter name of POT file 4 : 
->> Enter name of POT file 5 : 
->> Enter name of POT file 6 : 
->> Enter name of POT file 7 : 
->> Enter name of POT file 8 : 
- Reading header of file [1]: t57o_DS4_POT1
- Merging file [1]: t57o_DS4_POT1
- Reading header of file [2]: t57o_DS4_POT4
- Merging file [2]: t57o_DS4_POT4
- Reading header of file [3]: t57o_DS5_POT1
- Merging file [3]: t57o_DS5_POT1
- Reading header of file [4]: t57o_DS5_POT2
- Merging file [4]: t57o_DS5_POT2
- Reading header of file [5]: t57o_DS5_POT4
- Merging file [5]: t57o_DS5_POT4
- Reading header of file [6]: t57o_DS5_POT5
- Merging file [6]: t57o_DS5_POT5
- Reading header of file [7]: t57o_DS6_POT1
- Merging file [7]: t57o_DS6_POT1
- Reading header of file [8]: t57o_DS6_POT4
- Merging file [8]: t57o_DS6_POT4
 Merged successfully 8 files
- Analyzing DVDB file: t59o_DVDB ...
- dvdb_new completed. cpu:  0.00 [s] , wall:  0.00 [s] <<< TIME
 ==== Info on the dvdb% object ====
 DVDB version: 2
 File path: t59o_DVDB
 Number of v1scf potentials: 8
 Number of q-points in DVDB: 3
-P Number of CPUs for parallelism over perturbations: 1
-P Number of perturbations treated by this CPU: 6
 Option for symmetrization of v1scf(r): 0
 List of q-points: min(10, nqpt)
[ 1 ] [ 0.0000E+00,  0.0000E+00,  0.0000E+00]
[ 2 ] [ 5.0000E-01,  0.0000E+00,  0.0000E+00]
[ 3 ] [ 5.0000E-01,  5.0000E-01,  0.0000E+00]
 Have dielectric tensor: no
 Have Born effective charges: no
 Have quadrupoles: no
 Have electric field: no
 Treatment of long-range part in V1scf (add_lr): 1
 Damping factor for Gaussian filter (qdamp):   0.1
 qpoint: [ 0.0000E+00,  0.0000E+00,  0.0000E+00] is present in the DVDB file
 The list of irreducible perturbations for this q vector is:
    1)  idir= 1, ipert=   1, type=independent, found=Yes
    2)  idir= 2, ipert=   1, type=symmetric, found=No
    3)  idir= 3, ipert=   1, type=symmetric, found=No
    4)  idir= 1, ipert=   2, type=independent, found=Yes
    5)  idir= 2, ipert=   2, type=symmetric, found=No
    6)  idir= 3, ipert=   2, type=symmetric, found=No

 qpoint: [ 5.0000E-01,  0.0000E+00,  0.0000E+00] is present in the DVDB file
 The list of irreducible perturbations for this q vector is:
    1)  idir= 1, ipert=   1, type=independent, found=Yes
    2)  idir= 2, ipert=   1, type=independent, found=Yes
    3)  idir= 3, ipert=   1, type=symmetric, found=No
    4)  idir= 1, ipert=   2, type=independent, found=Yes
    5)  idir= 2, ipert=   2, type=independent, found=Yes
    6)  idir= 3, ipert=   2, type=symmetric, found=No

 qpoint: [ 5.0000E-01,  5.0000E-01,  0.0000E+00] is present in the DVDB file
 The list of irreducible perturbations for this q vector is:
    1)  idir= 1, ipert=   1, type=independent, found=Yes
    2)  idir= 2, ipert=   1, type=symmetric, found=No
    3)  idir= 3, ipert=   1, type=symmetric, found=No
    4)  idir= 1, ipert=   2, type=independent, found=Yes
    5)  idir= 2, ipert=   2, type=symmetric, found=No
    6)  idir= 3, ipert=   2, type=symmetric, found=No

 All the independent perturbations are available
 Done
