
.Version 9.11.0 of MRGDDB 
.(MPI version, prepared for a x86_64_linux_intel19.1 computer) 

.Copyright (C) 1998-2022 ABINIT group . 
 MRGDDB comes with ABSOLUTELY NO WARRANTY.
 It is free software, and you are welcome to redistribute it
 under certain conditions (GNU General Public License,
 see ~abinit/COPYING or http://www.gnu.org/copyleft/gpl.txt).

 ABINIT is a project of the Universite Catholique de Louvain,
 Corning Inc. and other collaborators, see ~abinit/doc/developers/contributors.txt .
 Please read https://docs.abinit.org/theory/acknowledgments for suggested
 acknowledgments of the ABINIT effort.
 For more information, see https://www.abinit.org .

.Starting date : Wed 31 May 2023.
- ( at 01h01 )
  
  Give name for output derivative database : 
 t63_out_DDB
  Give short description of the derivative database :
 Cu; Very rough 2x2x2 special point grid; low ecut.
  Give number of input ddbs
           4
  Give name for derivative database number           1  : 
 t62o_DS3_DDB
  Give name for derivative database number           2  : 
 t62o_DS4_DDB
  Give name for derivative database number           3  : 
 t62o_DS5_DDB
  Give name for derivative database number           4  : 
 t62o_DS6_DDB
 
  merge_ddb: Reading all headers.
 Opening DDB file: t62o_DS3_DDB
 Opening DDB file: t62o_DS4_DDB
 Opening DDB file: t62o_DS5_DDB
 Opening DDB file: t62o_DS6_DDB
 Opening DDB file: t62o_DS3_DDB
 
 read the input derivative database number     1
 Opening DDB file: t62o_DS3_DDB
 compare the current and input DDB information
 
  ==== Info on the Cryst% object ====
 Real(R)+Recip(G) space primitive vectors, cartesian coordinates (Bohr,Bohr^-1):
 R(1)=  4.1905838  0.0000000  2.4194347  G(1)=  0.2386302 -0.0843685  0.0000000
 R(2)=  1.3968613  3.9509203  2.4194347  G(2)=  0.0000000  0.2531056  0.0000000
 R(3)=  0.0000000  0.0000000  4.8388693  G(3)= -0.1193151 -0.0843685  0.2066598
 Unit cell volume ucvol=  8.0115525E+01 bohr^3
 Angles (23,13,12)=  6.00000000E+01  6.00000000E+01  6.00000000E+01 degrees
 Time-reversal symmetry is present
 Reduced atomic positions [iatom, xred, symbol]:
    1)    0.0000000  0.0000000  0.0000000  Cu
 
 DDB file with 1 blocks has been read.
 add block #    1 from file t62o_DS3_DDB
 
 read the input derivative database number     2
 Opening DDB file: t62o_DS4_DDB
 compare the current and input DDB information
 
  ==== Info on the Cryst% object ====
 Real(R)+Recip(G) space primitive vectors, cartesian coordinates (Bohr,Bohr^-1):
 R(1)=  4.1905838  0.0000000  2.4194347  G(1)=  0.2386302 -0.0843685  0.0000000
 R(2)=  1.3968613  3.9509203  2.4194347  G(2)=  0.0000000  0.2531056  0.0000000
 R(3)=  0.0000000  0.0000000  4.8388693  G(3)= -0.1193151 -0.0843685  0.2066598
 Unit cell volume ucvol=  8.0115525E+01 bohr^3
 Angles (23,13,12)=  6.00000000E+01  6.00000000E+01  6.00000000E+01 degrees
 Time-reversal symmetry is present
 Reduced atomic positions [iatom, xred, symbol]:
    1)    0.0000000  0.0000000  0.0000000  Cu
 
 DDB file with 1 blocks has been read.
 add block #    1 from file t62o_DS4_DDB
 
 read the input derivative database number     3
 Opening DDB file: t62o_DS5_DDB
 compare the current and input DDB information
 
  ==== Info on the Cryst% object ====
 Real(R)+Recip(G) space primitive vectors, cartesian coordinates (Bohr,Bohr^-1):
 R(1)=  4.1905838  0.0000000  2.4194347  G(1)=  0.2386302 -0.0843685  0.0000000
 R(2)=  1.3968613  3.9509203  2.4194347  G(2)=  0.0000000  0.2531056  0.0000000
 R(3)=  0.0000000  0.0000000  4.8388693  G(3)= -0.1193151 -0.0843685  0.2066598
 Unit cell volume ucvol=  8.0115525E+01 bohr^3
 Angles (23,13,12)=  6.00000000E+01  6.00000000E+01  6.00000000E+01 degrees
 Time-reversal symmetry is present
 Reduced atomic positions [iatom, xred, symbol]:
    1)    0.0000000  0.0000000  0.0000000  Cu
 
 DDB file with 1 blocks has been read.
 merge block #    1 from file t62o_DS5_DDB
 
 read the input derivative database number     4
 Opening DDB file: t62o_DS6_DDB
 compare the current and input DDB information
 
  ==== Info on the Cryst% object ====
 Real(R)+Recip(G) space primitive vectors, cartesian coordinates (Bohr,Bohr^-1):
 R(1)=  4.1905838  0.0000000  2.4194347  G(1)=  0.2386302 -0.0843685  0.0000000
 R(2)=  1.3968613  3.9509203  2.4194347  G(2)=  0.0000000  0.2531056  0.0000000
 R(3)=  0.0000000  0.0000000  4.8388693  G(3)= -0.1193151 -0.0843685  0.2066598
 Unit cell volume ucvol=  8.0115525E+01 bohr^3
 Angles (23,13,12)=  6.00000000E+01  6.00000000E+01  6.00000000E+01 degrees
 Time-reversal symmetry is present
 Reduced atomic positions [iatom, xred, symbol]:
    1)    0.0000000  0.0000000  0.0000000  Cu
 
 DDB file with 1 blocks has been read.
 add block #    1 from file t62o_DS6_DDB
 Final DDB has      3 blocks.
-
- Proc.   0 individual time (sec): cpu=          0.0  wall=          0.1
+mrgddb : the run completed successfully
