
.Version 9.3.1 of MRGSCR 
.(MPI version, prepared for a x86_64_linux_gnu9.3 computer) 

.Copyright (C) 1998-2024 ABINIT group . 
 MRGSCR comes with ABSOLUTELY NO WARRANTY.
 It is free software, and you are welcome to redistribute it
 under certain conditions (GNU General Public License,
 see ~abinit/COPYING or http://www.gnu.org/copyleft/gpl.txt).

 ABINIT is a project of the Universite Catholique de Louvain,
 Corning Inc. and other collaborators, see ~abinit/doc/developers/contributors.txt .
 Please read https://docs.abinit.org/theory/acknowledgments for suggested
 acknowledgments of the ABINIT effort.
 For more information, see https://www.abinit.org .

.Starting date : Tue 10 Nov 2020.
- ( at 22h26 )
  
->>  Enter the number of files to merge: 
->>  Enter the name of the file to be analyzed: 

 Running single-file mode:
 Checking the integrity of file: t89o_SCR
 reporting the list of q-points that are missing.
 SCR file: epsilon^-1 , calculated using inclvkb = 2
 TESTPARTICLE RPA
 Identifier                       4
 Kxc kernel                       0
 Treatment of q-->0 limit         2
 headform                        80
 fform                         1004
 gwcalctyp                        0
 Number of components             1       1
 Number of q-points               6
 Number of q-directions           1
 Number of frequencies            2
 Number of bands used            10
 Dimension of matrix             27
 Number of planewaves used      169
 Spectral method                  0
 Test_type                        0
 Time-ordering                    1
 Scissor Energy                 0.000000E+00
 Spectral smearing              1.000000E-01
 Complex Imaginary Shift        3.674933E-03

 q-points [r.l.u.]:
    1    0.000010    0.000020    0.000030
    2   -0.250000    0.000000    0.250000
    3    0.000000    0.500000    0.500000
    4    0.500000    0.000000    0.000000
    5   -0.250000    0.000000   -0.250000
    6   -0.250000    0.500000    0.250000

 Frequencies used [eV]:
  1   0.00   0.00
  2   0.00  16.50

 Checking if the list of q-points is complete. 

 ==== K-mesh for the wavefunctions ====
 Number of points in the irreducible wedge :     2
 Reduced coordinates and weights : 

     1)    -2.50000000E-01  5.00000000E-01  0.00000000E+00       0.75000
     2)    -2.50000000E-01  0.00000000E+00  0.00000000E+00       0.25000

 Together with 48 symmetry operations and time-reversal symmetry 
 yields    32 points in the full Brillouin Zone.


 ==== Q-mesh for the screening function ====
 Number of points in the irreducible wedge :     6
 Reduced coordinates and weights : 

     1)     0.00000000E+00  0.00000000E+00  0.00000000E+00       0.03125
     2)     5.00000000E-01  0.00000000E+00  0.00000000E+00       0.12500
     3)    -2.50000000E-01  0.00000000E+00  2.50000000E-01       0.37500
     4)    -2.50000000E-01  0.00000000E+00 -2.50000000E-01       0.18750
     5)    -2.50000000E-01  5.00000000E-01  2.50000000E-01       0.18750
     6)     0.00000000E+00  5.00000000E-01  5.00000000E-01       0.09375

 Together with 48 symmetry operations and time-reversal symmetry 
 yields    32 points in the full Brillouin Zone.



.File t89o_SCR contains a complete list of q-points 


 Do you want to recover a subset of q-points    (= 1) ?
  or extract the contents of the file           (= 2) ?
  or create dielectric function (SCR file)
    and/or extract plasmon-pole parameters      (= 3) ?
  or remove real frequencies                    (= 4) ?
  or remove imaginary frequencies               (= 5) ?
  or calculate a model screening                (= 6) ?
 1 => Recovering subset of q-points
->>  Enter the number of q-points to be extracted: 
->>  Enter the name of the final output file: 
. Recovering q-points in file: t89o_SCR
. Data written to file: t90o_SCR
 ==== Header of the new SCR file ====
 SCR file: epsilon^-1 , calculated using inclvkb = 2
 TESTPARTICLE RPA
 Identifier                       4
 Kxc kernel                       0
 Treatment of q-->0 limit         2
 headform                        80
 fform                         1004
 gwcalctyp                        0
 Number of components             1       1
 Number of q-points               3
 Number of q-directions           1
 Number of frequencies            2
 Number of bands used            10
 Dimension of matrix             27
 Number of planewaves used      169
 Spectral method                  0
 Test_type                        0
 Time-ordering                    1
 Scissor Energy                 0.000000E+00
 Spectral smearing              1.000000E-01
 Complex Imaginary Shift        3.674933E-03

 q-points [r.l.u.]:
    1    0.000010    0.000020    0.000030
    2   -0.250000    0.000000    0.250000
    3    0.000000    0.500000    0.500000

 Frequencies used [eV]:
  1   0.00   0.00
  2   0.00  16.50
Recovery completed
-
- Proc.   0 individual time (sec): cpu=          0.0  wall=          0.0
