
 **** DERIVATIVE DATABASE ****    
+DDB, Version number    100401

 He BCC conventional cell  DDB file

    usepaw         0
     natom         2
      nkpt         4
    nsppol         1
      nsym         1
    ntypat         1
    occopt         1
     nband         8
     acell  0.43000000000000D+01  0.43000000000000D+01  0.43000000000000D+01
       amu  0.40026020000000D+01
   dilatmx  0.10000000000000D+01
      ecut  0.80000000000000D+01
    ecutsm  0.00000000000000D+00
     intxc         0
      iscf         7
       ixc         1
       kpt  0.00000000000000D+00  0.50000000000000D+00  0.00000000000000D+00
            0.50000000000000D+00  0.00000000000000D+00  0.00000000000000D+00
            0.00000000000000D+00  0.00000000000000D+00  0.50000000000000D+00
            0.50000000000000D+00  0.50000000000000D+00  0.50000000000000D+00
    kptnrm  0.10000000000000D+01
     ngfft        12   12   12
    nspden         1
   nspinor         1
       occ  0.20000000000000D+01  0.20000000000000D+01  0.00000000000000D+00
            0.00000000000000D+00  0.00000000000000D+00  0.00000000000000D+00
            0.00000000000000D+00  0.00000000000000D+00
     rprim  0.10000000000000D+01  0.00000000000000D+00  0.00000000000000D+00
            0.00000000000000D+00  0.10000000000000D+01  0.00000000000000D+00
            0.00000000000000D+00  0.00000000000000D+00  0.10000000000000D+01
  dfpt_sciss  0.00000000000000D+00
    spinat  0.00000000000000D+00  0.00000000000000D+00  0.00000000000000D+00
            0.00000000000000D+00  0.00000000000000D+00  0.00000000000000D+00
    symafm         1
    symrel         1    0    0    0    1    0    0    0    1
     tnons  0.00000000000000D+00  0.00000000000000D+00  0.00000000000000D+00
    tolwfr  0.10000000000000D+01
   tphysel  0.00000000000000D+00
    tsmear  0.10000000000000D-01
     typat         1    1
       wtk  0.25000000000000D+00  0.25000000000000D+00  0.25000000000000D+00
            0.25000000000000D+00
      xred  0.00000000000000D+00  0.00000000000000D+00  0.00000000000000D+00
            0.50000000000000D+00  0.50000000000000D+00  0.50000000000000D+00
     znucl  0.20000000000000D+01
      zion  0.20000000000000D+01
 
  Description of the potentials (KB energies)
  vrsio8 (for pseudopotentials)=100401
  usepaw =  0
  dimekb =  1       lmnmax=  1
  Atom type=    1   pspso=  0   nekb=   0
  iln lpsang iproj  ekb(:)
 
 **** Database of total energy derivatives ****
 Number of data blocks=    4
  
 2nd derivatives (non-stat.)  - # elements :      36
 qpt  0.00000000E+00  0.00000000E+00  0.00000000E+00   1.0
   1   1   1   1  0.77957737021008D+00  0.00000000000000D+00
   2   1   1   1  0.63933594949857D-13  0.00000000000000D+00
   3   1   1   1 -0.55437610256860D-12  0.00000000000000D+00
   1   2   1   1 -0.77957697413553D+00  0.00000000000000D+00
   2   2   1   1  0.20819797369439D-11  0.00000000000000D+00
   3   2   1   1  0.24767040693248D-11  0.00000000000000D+00
   1   1   2   1  0.13480344529974D-12  0.00000000000000D+00
   2   1   2   1  0.77957736953914D+00  0.00000000000000D+00
   3   1   2   1 -0.64680436135140D-12  0.00000000000000D+00
   1   2   2   1  0.20563454762537D-11  0.00000000000000D+00
   2   2   2   1 -0.77957697372321D+00  0.00000000000000D+00
   3   2   2   1  0.23417314334852D-11  0.00000000000000D+00
   1   1   3   1 -0.74168548757947D-12  0.00000000000000D+00
   2   1   3   1 -0.90687364797066D-12  0.00000000000000D+00
   3   1   3   1  0.77957737283084D+00  0.00000000000000D+00
   1   2   3   1  0.25932655602019D-11  0.00000000000000D+00
   2   2   3   1  0.24842011147788D-11  0.00000000000000D+00
   3   2   3   1 -0.77957697555403D+00  0.00000000000000D+00
   1   1   1   2 -0.77957697413553D+00  0.00000000000000D+00
   2   1   1   2  0.20778170266740D-11  0.00000000000000D+00
   3   1   1   2  0.24730698037149D-11  0.00000000000000D+00
   1   2   1   2  0.77957736973989D+00  0.00000000000000D+00
   2   2   1   2 -0.72719077487775D-12  0.00000000000000D+00
   3   2   1   2 -0.22697762700854D-12  0.00000000000000D+00
   1   1   2   2  0.20601335188790D-11  0.00000000000000D+00
   2   1   2   2 -0.77957697372321D+00  0.00000000000000D+00
   3   1   2   2  0.23432529352076D-11  0.00000000000000D+00
   1   2   2   2 -0.65943655053300D-12  0.00000000000000D+00
   2   2   2   2  0.77957736906870D+00  0.00000000000000D+00
   3   2   2   2  0.18381807248999D-13  0.00000000000000D+00
   1   1   3   2  0.25972385782651D-11  0.00000000000000D+00
   2   1   3   2  0.24830306308844D-11  0.00000000000000D+00
   3   1   3   2 -0.77957697555403D+00  0.00000000000000D+00
   1   2   3   2 -0.41333030708962D-12  0.00000000000000D+00
   2   2   3   2 -0.24110410084769D-12  0.00000000000000D+00
   3   2   3   2  0.77957737236333D+00  0.00000000000000D+00
  
 2nd derivatives (non-stat.)  - # elements :      36
 qpt  0.00000000E+00  5.00000000E-01  5.00000000E-01   1.0
   1   1   1   1  0.25559079502858D+01  0.00000000000000D+00
   2   1   1   1 -0.99200725620050D-10 -0.30399539752531D-15
   3   1   1   1 -0.61241057244803D-10 -0.72119963299928D-16
   1   2   1   1 -0.41818631890193D-10 -0.32638587437665D-16
   2   2   1   1  0.12665113609090D-09 -0.45021207300662D-16
   3   2   1   1  0.14864160198075D-09  0.20522633084719D-15
   1   1   2   1  0.70709222990633D-11  0.17391768226164D-15
   2   1   2   1  0.28832862714717D+01  0.00000000000000D+00
   3   1   2   1  0.38914075757279D-08 -0.31591151329650D-16
   1   2   2   1 -0.11881148316703D-10 -0.41626904965433D-16
   2   2   2   1 -0.36291217061916D-08 -0.42621331525714D-16
   3   2   2   1 -0.16028284000221D+01  0.46340085704732D-15
   1   1   3   1 -0.11385082112305D-10  0.39443446291805D-16
   2   1   3   1  0.37285320310457D-08 -0.28843763897976D-15
   3   1   3   1  0.28832862786326D+01  0.00000000000000D+00
   1   2   3   1 -0.11281164980193D-10  0.11619825295973D-15
   2   2   3   1 -0.16028284048744D+01  0.22565733905954D-15
   3   2   3   1 -0.34505334171456D-08  0.22058657983017D-15
   1   1   1   2 -0.41818968007691D-10  0.15687162164979D-15
   2   1   1   2  0.12669779664510D-09 -0.11334350459372D-15
   3   1   1   2  0.14860287728339D-09 -0.11637244127433D-15
   1   2   1   2  0.25559079498890D+01  0.00000000000000D+00
   2   2   1   2 -0.99811858671122D-10  0.20531799352475D-15
   3   2   1   2 -0.60957045522120D-10 -0.92707060495892D-16
   1   1   2   2 -0.11926533172713D-10 -0.80496047815059D-16
   2   1   2   2 -0.36291247933752D-08  0.27119485526740D-15
   3   1   2   2 -0.16028284000231D+01  0.14878184386407D-16
   1   2   2   2  0.64516217819782D-11 -0.52129099288507D-16
   2   2   2   2  0.28832862710926D+01  0.00000000000000D+00
   3   2   2   2  0.38920268719837D-08 -0.11879959992117D-15
   1   1   3   2 -0.11250353447382D-10 -0.27007589994560D-16
   2   1   3   2 -0.16028284048735D+01  0.14071242375891D-15
   3   1   3   2 -0.34505337674508D-08  0.81650797669244D-16
   1   2   3   2 -0.11099991625145D-10  0.11676760859285D-15
   2   2   3   2  0.37291497259046D-08  0.21374156134194D-15
   3   2   3   2  0.28832862782547D+01  0.00000000000000D+00
  
 2nd derivatives (non-stat.)  - # elements :      36
 qpt  5.00000000E-01  0.00000000E+00  5.00000000E-01   1.0
   1   1   1   1  0.28832862775648D+01  0.00000000000000D+00
   2   1   1   1  0.68381177240338D-11 -0.76717138942324D-16
   3   1   1   1  0.39528971156842D-08 -0.80013736907414D-16
   1   2   1   1 -0.36805791665443D-08 -0.16148407705366D-15
   2   2   1   1 -0.11591477176525D-10 -0.62705064571248D-16
   3   2   1   1 -0.16028284055236D+01 -0.34528680257732D-15
   1   1   2   1 -0.87090897369630D-10  0.21369827277576D-15
   2   1   2   1  0.25559079506061D+01  0.00000000000000D+00
   3   1   2   1 -0.57996555610810D-10 -0.15609982083343D-15
   1   2   2   1  0.12012032991429D-09 -0.67202077315541D-16
   2   2   2   1 -0.42239246182438D-10 -0.76174274582639D-16
   3   2   2   1  0.13780721285957D-09 -0.17769226316813D-15
   1   1   3   1  0.37807463786021D-08 -0.12189428683773D-15
   2   1   3   1 -0.10111098340039D-10  0.12572385810103D-15
   3   1   3   1  0.28832862833692D+01  0.00000000000000D+00
   1   2   3   1 -0.16028284093326D+01  0.44215914966368D-15
   2   2   3   1 -0.11145222441506D-10  0.66088119035289D-16
   3   2   3   1 -0.34907723745610D-08  0.12399666652409D-15
   1   1   1   2 -0.36805821566492D-08  0.55179959558480D-16
   2   1   1   2 -0.11485675384150D-10 -0.78262910916234D-16
   3   1   1   2 -0.16028284055240D+01 -0.14883311629482D-15
   1   2   1   2  0.28832862771839D+01  0.00000000000000D+00
   2   2   1   2  0.62022291704628D-11 -0.49227527095287D-16
   3   2   1   2  0.39532165815576D-08 -0.80500905117269D-16
   1   1   2   2  0.12003228970968D-09  0.21858339906421D-16
   2   1   2   2 -0.42239209821891D-10 -0.98566151166961D-18
   3   1   2   2  0.13779789655408D-09 -0.59219206254596D-16
   1   2   2   2 -0.87716201481018D-10  0.28696359553784D-15
   2   2   2   2  0.25559079502101D+01  0.00000000000000D+00
   3   2   2   2 -0.57427528045282D-10  0.12345511886747D-16
   1   1   3   2 -0.16028284093322D+01  0.88605811027033D-16
   2   1   3   2 -0.11146118343977D-10  0.17669147037883D-16
   3   1   3   2 -0.34907745756611D-08 -0.20261770551754D-15
   1   2   3   2  0.37810644237377D-08 -0.51822861487792D-17
   2   2   3   2 -0.95252654097116D-11 -0.51409947323549D-16
   3   2   3   2  0.28832862829924D+01  0.00000000000000D+00
  
 2nd derivatives (non-stat.)  - # elements :      36
 qpt  5.00000000E-01  5.00000000E-01  0.00000000E+00   1.0
   1   1   1   1  0.28832862530090D+01  0.00000000000000D+00
   2   1   1   1  0.37300626391645D-08  0.13850299962525D-15
   3   1   1   1  0.45598837005662D-11 -0.17477517550707D-15
   1   2   1   1 -0.34961112318327D-08  0.18467227498689D-16
   2   2   1   1 -0.16028283819098D+01  0.26002568592473D-15
   3   2   1   1 -0.12198380139699D-10 -0.22982002767488D-16
   1   1   2   1  0.37259454870472D-08 -0.35527373978232D-15
   2   1   2   1  0.28832862516523D+01  0.00000000000000D+00
   3   1   2   1  0.51459324040930D-11 -0.99479803204121D-16
   1   2   2   1 -0.16028283808618D+01  0.55719581222145D-15
   2   2   2   1 -0.34921201428259D-08  0.33171995012064D-15
   3   2   2   1 -0.12425927956442D-10  0.57613434307831D-16
   1   1   3   1 -0.10675778897419D-09  0.19871577508473D-15
   2   1   3   1 -0.11522398517301D-09 -0.92454283658077D-16
   3   1   3   1  0.25559079492962D+01  0.00000000000000D+00
   1   2   3   1  0.17215479438375D-09  0.18824074637715D-16
   2   2   3   1  0.16834914547798D-09 -0.29060499305153D-15
   3   2   3   1 -0.41161790900885D-10 -0.89631149789042D-17
   1   1   1   2 -0.34961111266476D-08  0.41314265583834D-16
   2   1   1   2 -0.16028283819081D+01 -0.14590940942535D-15
   3   1   1   2 -0.12182945952816D-10  0.72849848097604D-16
   1   2   1   2  0.28832862526257D+01  0.00000000000000D+00
   2   2   1   2  0.37292846282770D-08 -0.11246124080457D-15
   3   2   1   2  0.48339911614193D-11 -0.35232220670395D-16
   1   1   2   2 -0.16028283808634D+01 -0.25705522327342D-15
   2   1   2   2 -0.34921223107925D-08  0.11917357758636D-15
   3   1   2   2 -0.12433551224465D-10  0.79007440968644D-17
   1   2   2   2  0.37251704769540D-08  0.18131560509937D-15
   2   2   2   2  0.28832862512719D+01  0.00000000000000D+00
   3   2   2   2  0.57178918814019D-11 -0.70672659717522D-16
   1   1   3   2  0.17214995849641D-09 -0.25786004062070D-15
   2   1   3   2  0.16836196467986D-09 -0.15757079204331D-15
   3   1   3   2 -0.41161572195203D-10 -0.15363407067293D-15
   1   2   3   2 -0.10648884274526D-09  0.31956817975663D-15
   2   2   3   2 -0.11466395243446D-09  0.88476286744937D-16
   3   2   3   2  0.25559079489009D+01  0.00000000000000D+00
