
 **** DERIVATIVE DATABASE ****    
+DDB, Version number    100401

 C diamond DDB file

    usepaw         0
     natom         2
      nkpt         8
    nsppol         1
      nsym         1
    ntypat         1
    occopt         1
     nband         8
     acell  0.67034680500000D+01  0.67034680500000D+01  0.67034680500000D+01
       amu  0.12011000000000D+02
   dilatmx  0.10000000000000D+01
      ecut  0.20000000000000D+02
    ecutsm  0.50000000000000D+00
     intxc         0
      iscf         7
       ixc         1
       kpt  0.00000000000000D+00  0.00000000000000D+00  0.00000000000000D+00
            0.50000000000000D+00  0.00000000000000D+00  0.00000000000000D+00
            0.00000000000000D+00  0.50000000000000D+00  0.00000000000000D+00
            0.50000000000000D+00  0.50000000000000D+00  0.00000000000000D+00
            0.00000000000000D+00  0.00000000000000D+00  0.50000000000000D+00
            0.50000000000000D+00  0.00000000000000D+00  0.50000000000000D+00
            0.00000000000000D+00  0.50000000000000D+00  0.50000000000000D+00
            0.50000000000000D+00  0.50000000000000D+00  0.50000000000000D+00
    kptnrm  0.10000000000000D+01
     ngfft        20   20   20
    nspden         1
   nspinor         1
       occ  0.20000000000000D+01  0.20000000000000D+01  0.20000000000000D+01
            0.20000000000000D+01  0.00000000000000D+00  0.00000000000000D+00
            0.00000000000000D+00  0.00000000000000D+00
     rprim  0.00000000000000D+00  0.50000000000000D+00  0.50000000000000D+00
            0.50000000000000D+00  0.00000000000000D+00  0.50000000000000D+00
            0.50000000000000D+00  0.50000000000000D+00  0.00000000000000D+00
  dfpt_sciss  0.00000000000000D+00
    spinat  0.00000000000000D+00  0.00000000000000D+00  0.00000000000000D+00
            0.00000000000000D+00  0.00000000000000D+00  0.00000000000000D+00
    symafm         1
    symrel         1    0    0    0    1    0    0    0    1
     tnons  0.00000000000000D+00  0.00000000000000D+00  0.00000000000000D+00
    tolwfr  0.10000000000000D+01
   tphysel  0.00000000000000D+00
    tsmear  0.10000000000000D-01
     typat         1    1
       wtk  0.12500000000000D+00  0.12500000000000D+00  0.12500000000000D+00
            0.12500000000000D+00  0.12500000000000D+00  0.12500000000000D+00
            0.12500000000000D+00  0.12500000000000D+00
      xred  0.00000000000000D+00  0.00000000000000D+00  0.00000000000000D+00
            0.25000000000000D+00  0.25000000000000D+00  0.25000000000000D+00
     znucl  0.60000000000000D+01
      zion  0.40000000000000D+01
 
  Description of the potentials (KB energies)
  vrsio8 (for pseudopotentials)=100401
  usepaw =  0
  dimekb =  1       lmnmax=  1
  Atom type=    1   pspso=  0   nekb=   1
  iln lpsang iproj  ekb(:)
     1     0     1     4.9214663E+00
 
 **** Database of total energy derivatives ****
 Number of data blocks=    3
  
 2nd derivatives (non-stat.)  - # elements :      36
 qpt  0.00000000E+00  0.00000000E+00  0.00000000E+00   1.0
   1   1   1   1  0.13616101487835D+02  0.00000000000000D+00
   2   1   1   1  0.68080522212951D+01  0.00000000000000D+00
   3   1   1   1  0.68080490420724D+01  0.00000000000000D+00
   1   2   1   1 -0.13616104343485D+02  0.21180275447042D-16
   2   2   1   1 -0.68080510787012D+01 -0.33188834487859D-16
   3   2   1   1 -0.68080481633244D+01  0.30727404332027D-16
   1   1   2   1  0.68080522650817D+01  0.00000000000000D+00
   2   1   2   1  0.13616108018525D+02  0.00000000000000D+00
   3   1   2   1  0.68080499258368D+01  0.00000000000000D+00
   1   2   2   1 -0.68080529372911D+01 -0.33188834487859D-16
   2   2   2   1 -0.13616101862659D+02 -0.30658272684770D-16
   3   2   2   1 -0.68080498773580D+01  0.48099595177262D-17
   1   1   3   1  0.68080490227673D+01  0.00000000000000D+00
   2   1   3   1  0.68080499210103D+01  0.00000000000000D+00
   3   1   3   1  0.13616107084778D+02  0.00000000000000D+00
   1   2   3   1 -0.68080553128002D+01  0.30727404332027D-16
   2   2   3   1 -0.68080534429022D+01  0.48099595177262D-17
   3   2   3   1 -0.13616100210865D+02 -0.17207090294342D-16
   1   1   1   2 -0.13616104344017D+02 -0.21180275447042D-16
   2   1   1   2 -0.68080530040680D+01  0.33188834487859D-16
   3   1   1   2 -0.68080552902752D+01 -0.30727404332027D-16
   1   2   1   2  0.13616106164942D+02  0.00000000000000D+00
   2   2   1   2  0.68080521207509D+01  0.00000000000000D+00
   3   2   1   2  0.68080551155926D+01  0.00000000000000D+00
   1   1   2   2 -0.68080510625685D+01  0.33188834487859D-16
   2   1   2   2 -0.13616101864818D+02  0.30658272684770D-16
   3   1   2   2 -0.68080534390310D+01 -0.48099595177262D-17
   1   2   2   2  0.68080521607691D+01  0.00000000000000D+00
   2   2   2   2  0.13616102592030D+02  0.00000000000000D+00
   3   2   2   2  0.68080550037011D+01  0.00000000000000D+00
   1   1   3   2 -0.68080482196149D+01 -0.30727404332027D-16
   2   1   3   2 -0.68080498976540D+01 -0.48099595177262D-17
   3   1   3   2 -0.13616100212033D+02  0.17207090294342D-16
   1   2   3   2  0.68080551104401D+01  0.00000000000000D+00
   2   2   3   2  0.68080550058911D+01  0.00000000000000D+00
   3   2   3   2  0.13616105801779D+02  0.00000000000000D+00
  
 2nd derivatives (non-stat.)  - # elements :      36
 qpt  5.00000000E-01  0.00000000E+00  0.00000000E+00   1.0
   1   1   1   1  0.12668145709466D+02  0.00000000000000D+00
   2   1   1   1  0.52239517596211D+01 -0.81010560068270D-05
   3   1   1   1  0.52239502577525D+01 -0.42798416655511D-05
   1   2   1   1 -0.58301991138932D+01 -0.19843684969123D-06
   2   2   1   1 -0.43976597700843D+01 -0.12610401221821D-05
   3   2   1   1 -0.43976524253977D+01  0.36424709758852D-05
   1   1   2   1  0.52239517810575D+01  0.81119204269541D-05
   2   1   2   1  0.10447904289939D+02  0.00000000000000D+00
   3   1   2   1  0.52239511438972D+01  0.10062040699989D-04
   1   2   2   1 -0.43976547236443D+01  0.36203282750310D-05
   2   2   2   1 -0.87953004689960D+01  0.10341065025770D-04
   3   2   2   1 -0.43976464916549D+01  0.15143191957613D-04
   1   1   3   1  0.52239502717336D+01  0.42800931661281D-05
   2   1   3   1  0.52239511463373D+01 -0.10062062808040D-04
   3   1   3   1  0.10447902591824D+02  0.00000000000000D+00
   1   2   3   1 -0.43976558339801D+01 -0.25536954668077D-05
   2   2   3   1 -0.43976567242001D+01  0.34586749704841D-05
   3   2   3   1 -0.87952987594543D+01  0.37178529121443D-05
   1   1   1   2 -0.58301991132641D+01  0.21546445315941D-06
   2   1   1   2 -0.43976547287469D+01 -0.36083167104517D-05
   3   1   1   2 -0.43976558348867D+01  0.25554315806278D-05
   1   2   1   2  0.12668159067924D+02  0.00000000000000D+00
   2   2   1   2  0.52239542566276D+01  0.17803146793996D-05
   3   2   1   2  0.52239526151683D+01  0.25903312695706D-05
   1   1   2   2 -0.43976597659423D+01  0.12625239834122D-05
   2   1   2   2 -0.87953004731251D+01 -0.10341051235541D-04
   3   1   2   2 -0.43976567117269D+01 -0.34586757350785D-05
   1   2   2   2  0.52239542787156D+01 -0.17777613140894D-05
   2   2   2   2  0.10447890980883D+02  0.00000000000000D+00
   3   2   2   2  0.52239493010422D+01  0.29793416296183D-05
   1   1   3   2 -0.43976524257235D+01 -0.36336220739200D-05
   2   1   3   2 -0.43976465019376D+01 -0.15143012792728D-04
   3   1   3   2 -0.87952987639770D+01 -0.37176357375879D-05
   1   2   3   2  0.52239526279604D+01 -0.25800893451491D-05
   2   2   3   2  0.52239493038641D+01 -0.29791423059996D-05
   3   2   3   2  0.10447894550408D+02  0.00000000000000D+00
  
 2nd derivatives (non-stat.)  - # elements :      36
 qpt  5.00000000E-01  5.00000000E-01  0.00000000E+00   1.0
   1   1   1   1  0.11760437980734D+02  0.00000000000000D+00
   2   1   1   1  0.75020804624493D+01 -0.73445910383296D-05
   3   1   1   1  0.42583642765292D+01  0.40299544459450D-05
   1   2   1   1  0.57913295562215D-05 -0.13129217479658D-05
   2   2   1   1 -0.22183698187852D+01  0.36132085458568D-05
   3   2   1   1 -0.22183663194388D+01  0.45543796599591D-05
   1   1   2   1  0.75020804604118D+01  0.73446014547019D-05
   2   1   2   1  0.11760459565331D+02  0.00000000000000D+00
   3   1   2   1  0.42583724049234D+01  0.13924744448955D-04
   1   2   2   1 -0.22183742471025D+01 -0.37850286376138D-05
   2   2   2   1 -0.10035555129992D-04 -0.43901277852414D-05
   3   2   2   1 -0.22183692833504D+01  0.36785827573428D-05
   1   1   3   1  0.42583642793480D+01 -0.40308991894514D-05
   2   1   3   1  0.42583724107358D+01 -0.13925687000238D-04
   3   1   3   1  0.85167351644367D+01  0.00000000000000D+00
   1   2   3   1 -0.22183744723227D+01 -0.16151586170103D-05
   2   2   3   1 -0.22183787718532D+01  0.79540154132331D-05
   3   2   3   1 -0.44367382096070D+01  0.63484558463510D-05
   1   1   1   2  0.57894984783898D-05  0.13129183330727D-05
   2   1   1   2 -0.22183742483505D+01  0.37850256676182D-05
   3   1   1   2 -0.22183744628103D+01  0.16157634387235D-05
   1   2   1   2  0.11760434533273D+02  0.00000000000000D+00
   2   2   1   2  0.75020798490493D+01 -0.51262058469860D-05
   3   2   1   2  0.42583634944572D+01  0.11420893064992D-05
   1   1   2   2 -0.22183698209818D+01 -0.36132111779253D-05
   2   1   2   2 -0.10032919798979D-04  0.43901269423811D-05
   3   1   2   2 -0.22183787570204D+01 -0.79534117293629D-05
   1   2   2   2  0.75020798426471D+01  0.51262001716652D-05
   2   2   2   2  0.11760452103683D+02  0.00000000000000D+00
   3   2   2   2  0.42583733813122D+01  0.87641311096638D-05
   1   1   3   2 -0.22183663284669D+01 -0.45544990588448D-05
   2   1   3   2 -0.22183692987794D+01 -0.36786997109963D-05
   3   1   3   2 -0.44367382094998D+01 -0.63484366526312D-05
   1   2   3   2  0.42583634996830D+01 -0.11419792216509D-05
   2   2   3   2  0.42583733888066D+01 -0.87640242017920D-05
   3   2   3   2  0.85167369571972D+01  0.00000000000000D+00
