
.Version 9.9.2 of LRUJ 
.(MPI version, prepared for a x86_64_linux_gnu9.3 computer) 

.Copyright (C) 1998-2022 ABINIT group . 
 LRUJ comes with ABSOLUTELY NO WARRANTY.
 It is free software, and you are welcome to redistribute it
 under certain conditions (GNU General Public License,
 see ~abinit/COPYING or http://www.gnu.org/copyleft/gpl.txt).

 ABINIT is a project of the Universite Catholique de Louvain,
 Corning Inc. and other collaborators, see ~abinit/doc/developers/contributors.txt .
 Please read https://docs.abinit.org/theory/acknowledgments for suggested
 acknowledgments of the ABINIT effort.
 For more information, see https://www.abinit.org .

.Starting date : Tue  7 Mar 2023.
- ( at 17h35 )
  
 Number of perturbations detected:  5
 Including unperturbed state, we have  6 data points.
 Standard determination of the Hubbard U parameter.
 Maximum degree of polynomials analyzed:  3
 NOTE: Unlike the ujdet utility, lruj treats the 
 response functions as scalars, not matrices!
 See lruj tutorial for more information.
 
 
*************************************************************************************************
**************************************  Linear Response U  **************************************
 
 Index of perturbed atom:    1
 Value of macro_uj:     1
 Value of dmatpuopt:     3
 Mixing constant factored out of Chi0:   0.450
 Percentage of AE orbital within the PAW sphere of perturbed subspace:     90.46723%
 
  Perturbations           Occupations 
 --------------- -----------------------------
    alpha [eV]     Unscreened      Screened
 --------------- -----------------------------
   0.0000000000   8.6380182460   8.6380182460
  -0.1500000676   8.6964981902   8.6520722001
  -0.1000000451   8.6747201560   8.6474287222
  -0.0500000225   8.6560314450   8.6427490206
   0.0500000225   8.6192514465   8.6332174932
   0.1000000451   8.5980251987   8.6283148748
                                                                       RMS Errors
                                                         ---------------------------------------
 Regression   Chi0 [eV^-1]   Chi [eV^-1]      U [eV]    | Chi0 [eV^-1]  Chi [eV^-1]     U [eV]
--------------------------------------------------------|---------------------------------------
 Linear:        -0.8594082    -0.0949434     9.3689956  |    0.0023925    0.0000878    0.1139298
 Quadratic:     -0.8574665    -0.0955791     9.2963102  |    0.0023777    0.0000129    0.0681726
 Cubic:         -0.8007858    -0.0952726     9.2474236  |    0.0001546    0.0000015    0.0200551
*************************************************************************************************
*************************************************************************************************
 
Linear Response UJ (LRUJ) program complete. Live long and prosper. ~LMac

